Archive member included to satisfy reference by file (symbol)

C:/ProgramData/MATLAB/SupportPackages/R2022a/3P.instrset/cmsis.instrset/CMSIS/RTOS/RTX/LIB/GCC/libRTX_CM4.a(rt_cmsis.o)
                              RTX_Conf_CM.o (osKernelInitialize)
C:/ProgramData/MATLAB/SupportPackages/R2022a/3P.instrset/cmsis.instrset/CMSIS/RTOS/RTX/LIB/GCC/libRTX_CM4.a(hal_cm.o)
                              C:/ProgramData/MATLAB/SupportPackages/R2022a/3P.instrset/cmsis.instrset/CMSIS/RTOS/RTX/LIB/GCC/libRTX_CM4.a(rt_cmsis.o) (rt_ret_val)
C:/ProgramData/MATLAB/SupportPackages/R2022a/3P.instrset/cmsis.instrset/CMSIS/RTOS/RTX/LIB/GCC/libRTX_CM4.a(rt_memory.o)
                              C:/ProgramData/MATLAB/SupportPackages/R2022a/3P.instrset/cmsis.instrset/CMSIS/RTOS/RTX/LIB/GCC/libRTX_CM4.a(rt_cmsis.o) (rt_init_mem)
C:/ProgramData/MATLAB/SupportPackages/R2022a/3P.instrset/cmsis.instrset/CMSIS/RTOS/RTX/LIB/GCC/libRTX_CM4.a(rt_membox.o)
                              C:/ProgramData/MATLAB/SupportPackages/R2022a/3P.instrset/cmsis.instrset/CMSIS/RTOS/RTX/LIB/GCC/libRTX_CM4.a(rt_cmsis.o) (_init_box)
C:/ProgramData/MATLAB/SupportPackages/R2022a/3P.instrset/cmsis.instrset/CMSIS/RTOS/RTX/LIB/GCC/libRTX_CM4.a(rt_mutex.o)
                              C:/ProgramData/MATLAB/SupportPackages/R2022a/3P.instrset/cmsis.instrset/CMSIS/RTOS/RTX/LIB/GCC/libRTX_CM4.a(rt_cmsis.o) (rt_mut_init)
C:/ProgramData/MATLAB/SupportPackages/R2022a/3P.instrset/cmsis.instrset/CMSIS/RTOS/RTX/LIB/GCC/libRTX_CM4.a(rt_time.o)
                              C:/ProgramData/MATLAB/SupportPackages/R2022a/3P.instrset/cmsis.instrset/CMSIS/RTOS/RTX/LIB/GCC/libRTX_CM4.a(rt_cmsis.o) (os_time)
C:/ProgramData/MATLAB/SupportPackages/R2022a/3P.instrset/cmsis.instrset/CMSIS/RTOS/RTX/LIB/GCC/libRTX_CM4.a(rt_semaphore.o)
                              C:/ProgramData/MATLAB/SupportPackages/R2022a/3P.instrset/cmsis.instrset/CMSIS/RTOS/RTX/LIB/GCC/libRTX_CM4.a(rt_cmsis.o) (rt_sem_init)
C:/ProgramData/MATLAB/SupportPackages/R2022a/3P.instrset/cmsis.instrset/CMSIS/RTOS/RTX/LIB/GCC/libRTX_CM4.a(rt_mailbox.o)
                              C:/ProgramData/MATLAB/SupportPackages/R2022a/3P.instrset/cmsis.instrset/CMSIS/RTOS/RTX/LIB/GCC/libRTX_CM4.a(rt_cmsis.o) (rt_mbx_init)
C:/ProgramData/MATLAB/SupportPackages/R2022a/3P.instrset/cmsis.instrset/CMSIS/RTOS/RTX/LIB/GCC/libRTX_CM4.a(rt_list.o)
                              C:/ProgramData/MATLAB/SupportPackages/R2022a/3P.instrset/cmsis.instrset/CMSIS/RTOS/RTX/LIB/GCC/libRTX_CM4.a(rt_cmsis.o) (rt_put_prio)
C:/ProgramData/MATLAB/SupportPackages/R2022a/3P.instrset/cmsis.instrset/CMSIS/RTOS/RTX/LIB/GCC/libRTX_CM4.a(rt_event.o)
                              C:/ProgramData/MATLAB/SupportPackages/R2022a/3P.instrset/cmsis.instrset/CMSIS/RTOS/RTX/LIB/GCC/libRTX_CM4.a(rt_cmsis.o) (rt_evt_wait)
C:/ProgramData/MATLAB/SupportPackages/R2022a/3P.instrset/cmsis.instrset/CMSIS/RTOS/RTX/LIB/GCC/libRTX_CM4.a(rt_system.o)
                              C:/ProgramData/MATLAB/SupportPackages/R2022a/3P.instrset/cmsis.instrset/CMSIS/RTOS/RTX/LIB/GCC/libRTX_CM4.a(rt_cmsis.o) (rt_suspend)
C:/ProgramData/MATLAB/SupportPackages/R2022a/3P.instrset/cmsis.instrset/CMSIS/RTOS/RTX/LIB/GCC/libRTX_CM4.a(rt_task.o)
                              C:/ProgramData/MATLAB/SupportPackages/R2022a/3P.instrset/cmsis.instrset/CMSIS/RTOS/RTX/LIB/GCC/libRTX_CM4.a(rt_system.o) (rt_switch_req)
C:/ProgramData/MATLAB/SupportPackages/R2022a/3P.instrset/cmsis.instrset/CMSIS/RTOS/RTX/LIB/GCC/libRTX_CM4.a(hal_cm4.o)
                              C:/ProgramData/MATLAB/SupportPackages/R2022a/3P.instrset/cmsis.instrset/CMSIS/RTOS/RTX/LIB/GCC/libRTX_CM4.a(rt_task.o) (rt_get_PSP)
C:/ProgramData/MATLAB/SupportPackages/R2022a/3P.instrset/cmsis.instrset/CMSIS/RTOS/RTX/LIB/GCC/libRTX_CM4.a(svc_table.o)
                              C:/ProgramData/MATLAB/SupportPackages/R2022a/3P.instrset/cmsis.instrset/CMSIS/RTOS/RTX/LIB/GCC/libRTX_CM4.a(hal_cm4.o) (SVC_Table)
C:/ProgramData/MATLAB/SupportPackages/R2022a/3P.instrset/cmsis.instrset/CMSIS/RTOS/RTX/LIB/GCC/libRTX_CM4.a(rt_robin.o)
                              C:/ProgramData/MATLAB/SupportPackages/R2022a/3P.instrset/cmsis.instrset/CMSIS/RTOS/RTX/LIB/GCC/libRTX_CM4.a(rt_system.o) (os_robin)
C:/ProgramData/MATLAB/SupportPackages/R2022a/toolbox/target/supportpackages/freedomk64f/src/ksdk_armgcc_lib/bm/libksdk_platform.a(fsl_os_abstraction_bm.o)
                              hardware_init.o (OSA_Init)
C:/ProgramData/MATLAB/SupportPackages/R2022a/toolbox/target/supportpackages/freedomk64f/src/ksdk_armgcc_lib/bm/libksdk_platform.a(fsl_clock_manager.o)
                              board.o (CLOCK_SYS_OscInit)
C:/ProgramData/MATLAB/SupportPackages/R2022a/toolbox/target/supportpackages/freedomk64f/src/ksdk_armgcc_lib/bm/libksdk_platform.a(fsl_clock_manager_common.o)
                              C:/ProgramData/MATLAB/SupportPackages/R2022a/toolbox/target/supportpackages/freedomk64f/src/ksdk_armgcc_lib/bm/libksdk_platform.a(fsl_clock_manager.o) (g_oscBase)
[...]
Memory Configuration

Name             Origin             Length             Attributes
m_interrupts     0x00000000         0x00000400         xr
m_flash_config   0x00000400         0x00000010         xr
m_text           0x00000410         0x000ffbf0         xr
m_data_2         0x1fff0000         0x00010000         rw
m_data           0x20000000         0x00030000         rw
*default*        0x00000000         0xffffffff

Linker script and memory map

LOAD c:/progra~3/matlab/suppor~1/r2022a/3p778c~1.ins/gnuarm~1.ins/win/bin/../lib/gcc/arm-none-eabi/9.3.1/thumb/v7e-m+fp/hard/crti.o
LOAD c:/progra~3/matlab/suppor~1/r2022a/3p778c~1.ins/gnuarm~1.ins/win/bin/../lib/gcc/arm-none-eabi/9.3.1/thumb/v7e-m+fp/hard/crtbegin.o
LOAD c:/progra~3/matlab/suppor~1/r2022a/3p778c~1.ins/gnuarm~1.ins/win/bin/../lib/gcc/arm-none-eabi/9.3.1/../../../../arm-none-eabi/lib/thumb/v7e-m+fp/hard/crt0.o
LOAD MW_digitalIO.o
LOAD mw_sdk_interface.o
LOAD MW_PWM.o
LOAD ert_main.o
LOAD VVI_prev.o
LOAD VVI_prev_data.o
LOAD startup.o
LOAD system_MK64F12.o
LOAD startup_MK64F12.o
LOAD board.o
LOAD hardware_init.o
LOAD pin_mux.o
LOAD fsl_misc_utilities.o
LOAD fsl_edma_irq.o
LOAD fsl_uart_irq.o
LOAD irq_stub.o
LOAD sbrk.o
LOAD cmsis_rtos_init.o
LOAD RTX_Conf_CM.o
LOAD mw_thread.o
LOAD mw_semaphore.o
LOAD mw_timer.o
LOAD mw_signal.o
LOAD C:/ProgramData/MATLAB/SupportPackages/R2022a/3P.instrset/cmsis.instrset/CMSIS/DSP/Lib/GCC/libarm_cortexM4lf_math.a
LOAD C:/ProgramData/MATLAB/SupportPackages/R2022a/3P.instrset/cmsis.instrset/CMSIS/RTOS/RTX/LIB/GCC/libRTX_CM4.a
LOAD C:/ProgramData/MATLAB/SupportPackages/R2022a/toolbox/target/supportpackages/freedomk64f/src/ksdk_armgcc_lib/bm/libksdk_platform.a
LOAD c:/progra~3/matlab/suppor~1/r2022a/3p778c~1.ins/gnuarm~1.ins/win/bin/../lib/gcc/arm-none-eabi/9.3.1/../../../../arm-none-eabi/lib/thumb/v7e-m+fp/hard\libstdc++.a
LOAD c:/progra~3/matlab/suppor~1/r2022a/3p778c~1.ins/gnuarm~1.ins/win/bin/../lib/gcc/arm-none-eabi/9.3.1/../../../../arm-none-eabi/lib/thumb/v7e-m+fp/hard\libm.a
START GROUP
LOAD c:/progra~3/matlab/suppor~1/r2022a/3p778c~1.ins/gnuarm~1.ins/win/bin/../lib/gcc/arm-none-eabi/9.3.1/thumb/v7e-m+fp/hard\libgcc.a
LOAD c:/progra~3/matlab/suppor~1/r2022a/3p778c~1.ins/gnuarm~1.ins/win/bin/../lib/gcc/arm-none-eabi/9.3.1/../../../../arm-none-eabi/lib/thumb/v7e-m+fp/hard\libg.a
LOAD c:/progra~3/matlab/suppor~1/r2022a/3p778c~1.ins/gnuarm~1.ins/win/bin/../lib/gcc/arm-none-eabi/9.3.1/../../../../arm-none-eabi/lib/thumb/v7e-m+fp/hard\libc.a
END GROUP
START GROUP
LOAD c:/progra~3/matlab/suppor~1/r2022a/3p778c~1.ins/gnuarm~1.ins/win/bin/../lib/gcc/arm-none-eabi/9.3.1/thumb/v7e-m+fp/hard\libgcc.a
LOAD c:/progra~3/matlab/suppor~1/r2022a/3p778c~1.ins/gnuarm~1.ins/win/bin/../lib/gcc/arm-none-eabi/9.3.1/../../../../arm-none-eabi/lib/thumb/v7e-m+fp/hard\libc.a
LOAD c:/progra~3/matlab/suppor~1/r2022a/3p778c~1.ins/gnuarm~1.ins/win/bin/../lib/gcc/arm-none-eabi/9.3.1/../../../../arm-none-eabi/lib/thumb/v7e-m+fp/hard\libnosys.a
END GROUP
LOAD c:/progra~3/matlab/suppor~1/r2022a/3p778c~1.ins/gnuarm~1.ins/win/bin/../lib/gcc/arm-none-eabi/9.3.1/thumb/v7e-m+fp/hard/crtend.o
LOAD c:/progra~3/matlab/suppor~1/r2022a/3p778c~1.ins/gnuarm~1.ins/win/bin/../lib/gcc/arm-none-eabi/9.3.1/thumb/v7e-m+fp/hard/crtn.o
                0x00000400                HEAP_SIZE = DEFINED (__heap_size__)?__heap_size__:0x400
                0x00000400                STACK_SIZE = DEFINED (__stack_size__)?__stack_size__:0x400
                0x00000000                M_VECTOR_RAM_SIZE = DEFINED (__ram_vector_table__)?0x400:0x0

.interrupts     0x00000000      0x400
                0x00000000                __VECTOR_TABLE = .
                0x00000000                . = ALIGN (0x4)
 *(.isr_vector)
 .isr_vector    0x00000000      0x400 startup_MK64F12.o
                0x00000000                __isr_vector
                0x00000400                . = ALIGN (0x4)

.flash_config   0x00000400       0x10
                0x00000400                . = ALIGN (0x4)
 *(.FlashConfig)
 .FlashConfig   0x00000400       0x10 startup_MK64F12.o
                0x00000410                . = ALIGN (0x4)

.text           0x00000440     0xa960
                0x00000440                . = ALIGN (0x4)
 *(.text)
 .text          0x00000440       0x40 c:/progra~3/matlab/suppor~1/r2022a/3p778c~1.ins/gnuarm~1.ins/win/bin/../lib/gcc/arm-none-eabi/9.3.1/thumb/v7e-m+fp/hard/crtbegin.o
 .text          0x00000480       0x7c c:/progra~3/matlab/suppor~1/r2022a/3p778c~1.ins/gnuarm~1.ins/win/bin/../lib/gcc/arm-none-eabi/9.3.1/../../../../arm-none-eabi/lib/thumb/v7e-m+fp/hard/crt0.o
                0x00000480                _stack_init
                0x00000488                _start
                0x00000488                _mainCRTStartup
 .text          0x000004fc       0x14 startup_MK64F12.o
                0x000004fc                Reset_Handler
                0x0000050c                ENET_Receive_IRQHandler
                0x0000050c                ENET_1588_Timer_IRQHandler
                0x0000050c                DefaultISR
                0x0000050c                PIT2_IRQHandler
                0x0000050c                PIT0_IRQHandler
                0x0000050c                ENET_Error_IRQHandler
                0x0000050c                PIT3_IRQHandler
                0x0000050c                SDHC_IRQHandler
                0x0000050c                ENET_Transmit_IRQHandler
                0x0000050c                PIT1_IRQHandler
 .text          0x00000510      0x198 C:/ProgramData/MATLAB/SupportPackages/R2022a/3P.instrset/cmsis.instrset/CMSIS/RTOS/RTX/LIB/GCC/libRTX_CM4.a(hal_cm4.o)
                0x00000510                rt_set_PSP
                0x00000516                rt_get_PSP
                0x0000051c                os_set_env
                0x00000534                _alloc_box
                0x00000550                _free_box
                0x0000056c                SVC_Handler
                0x00000612                PendSV_Handler
                0x00000618                Sys_Switch
                0x00000672                SysTick_Handler
                0x0000067c                OS_Tick_Handler
 .text          0x000006a8      0x378 c:/progra~3/matlab/suppor~1/r2022a/3p778c~1.ins/gnuarm~1.ins/win/bin/../lib/gcc/arm-none-eabi/9.3.1/thumb/v7e-m+fp/hard\libgcc.a(_arm_addsubdf3.o)
                0x000006a8                __aeabi_drsub
                0x000006b0                __aeabi_dsub
                0x000006b0                __subdf3
                0x000006b4                __aeabi_dadd
                0x000006b4                __adddf3
                0x0000092c                __floatunsidf
                0x0000092c                __aeabi_ui2d
                0x0000094c                __floatsidf
                0x0000094c                __aeabi_i2d
                0x00000970                __aeabi_f2d
                0x00000970                __extendsfdf2
                0x000009b4                __floatundidf
                0x000009b4                __aeabi_ul2d
                0x000009c4                __floatdidf
                0x000009c4                __aeabi_l2d
 .text          0x00000a20      0x424 c:/progra~3/matlab/suppor~1/r2022a/3p778c~1.ins/gnuarm~1.ins/win/bin/../lib/gcc/arm-none-eabi/9.3.1/thumb/v7e-m+fp/hard\libgcc.a(_arm_muldivdf3.o)
                0x00000a20                __aeabi_dmul
                0x00000a20                __muldf3
                0x00000c74                __divdf3
                0x00000c74                __aeabi_ddiv
 .text          0x00000e44      0x110 c:/progra~3/matlab/suppor~1/r2022a/3p778c~1.ins/gnuarm~1.ins/win/bin/../lib/gcc/arm-none-eabi/9.3.1/thumb/v7e-m+fp/hard\libgcc.a(_arm_cmpdf2.o)
                0x00000e44                __gtdf2
                0x00000e44                __gedf2
                0x00000e4c                __ltdf2
                0x00000e4c                __ledf2
                0x00000e54                __nedf2
                0x00000e54                __eqdf2
                0x00000e54                __cmpdf2
                0x00000ed0                __aeabi_cdrcmple
                0x00000ee0                __aeabi_cdcmpeq
                0x00000ee0                __aeabi_cdcmple
                0x00000ef0                __aeabi_dcmpeq
                0x00000f04                __aeabi_dcmplt
                0x00000f18                __aeabi_dcmple
                0x00000f2c                __aeabi_dcmpge
                0x00000f40                __aeabi_dcmpgt
 .text          0x00000f54       0x40 c:/progra~3/matlab/suppor~1/r2022a/3p778c~1.ins/gnuarm~1.ins/win/bin/../lib/gcc/arm-none-eabi/9.3.1/thumb/v7e-m+fp/hard\libgcc.a(_arm_fixunsdfsi.o)
                0x00000f54                __aeabi_d2uiz
                0x00000f54                __fixunsdfsi
 .text          0x00000f94       0x30 c:/progra~3/matlab/suppor~1/r2022a/3p778c~1.ins/gnuarm~1.ins/win/bin/../lib/gcc/arm-none-eabi/9.3.1/thumb/v7e-m+fp/hard\libgcc.a(_aeabi_uldivmod.o)
                0x00000f94                __aeabi_uldivmod
 .text          0x00000fc4      0x2c4 c:/progra~3/matlab/suppor~1/r2022a/3p778c~1.ins/gnuarm~1.ins/win/bin/../lib/gcc/arm-none-eabi/9.3.1/thumb/v7e-m+fp/hard\libgcc.a(_udivmoddi4.o)
                0x00000fc4                __udivmoddi4
 .text          0x00001288      0x9b8 c:/progra~3/matlab/suppor~1/r2022a/3p778c~1.ins/gnuarm~1.ins/win/bin/../lib/gcc/arm-none-eabi/9.3.1/thumb/v7e-m+fp/hard\libgcc.a(unwind-arm.o)
                0x00001530                _Unwind_GetCFA
                0x00001534                __gnu_Unwind_RaiseException
                0x00001594                __gnu_Unwind_ForcedUnwind
                0x000015a8                __gnu_Unwind_Resume
                0x000015ec                __gnu_Unwind_Resume_or_Rethrow
                0x000015fc                _Unwind_Complete
                0x00001600                _Unwind_DeleteException
                0x0000160c                _Unwind_VRS_Get
                0x00001654                _Unwind_VRS_Set
                0x0000169c                __gnu_Unwind_Backtrace
                0x000019bc                __aeabi_unwind_cpp_pr0
                0x000019c0                __aeabi_unwind_cpp_pr1
                0x000019c4                __aeabi_unwind_cpp_pr2
                0x000019c8                _Unwind_VRS_Pop
 .text          0x00001c40      0x1ac c:/progra~3/matlab/suppor~1/r2022a/3p778c~1.ins/gnuarm~1.ins/win/bin/../lib/gcc/arm-none-eabi/9.3.1/thumb/v7e-m+fp/hard\libgcc.a(libunwind.o)
                0x00001c40                __restore_core_regs
                0x00001c40                restore_core_regs
                0x00001c58                __gnu_Unwind_Restore_VFP
                0x00001c60                __gnu_Unwind_Save_VFP
                0x00001c68                __gnu_Unwind_Restore_VFP_D
                0x00001c70                __gnu_Unwind_Save_VFP_D
                0x00001c78                __gnu_Unwind_Restore_VFP_D_16_to_31
                0x00001c80                __gnu_Unwind_Save_VFP_D_16_to_31
                0x00001c88                __gnu_Unwind_Restore_WMMXD
                0x00001ccc                __gnu_Unwind_Save_WMMXD
                0x00001d10                __gnu_Unwind_Restore_WMMXC
                0x00001d24                __gnu_Unwind_Save_WMMXC
                0x00001d38                ___Unwind_RaiseException
                0x00001d38                _Unwind_RaiseException
                0x00001d5c                _Unwind_Resume
                0x00001d5c                ___Unwind_Resume
                0x00001d80                _Unwind_Resume_or_Rethrow
                0x00001d80                ___Unwind_Resume_or_Rethrow
                0x00001da4                _Unwind_ForcedUnwind
                0x00001da4                ___Unwind_ForcedUnwind
                0x00001dc8                ___Unwind_Backtrace
                0x00001dc8                _Unwind_Backtrace
 .text          0x00001dec      0x340 c:/progra~3/matlab/suppor~1/r2022a/3p778c~1.ins/gnuarm~1.ins/win/bin/../lib/gcc/arm-none-eabi/9.3.1/thumb/v7e-m+fp/hard\libgcc.a(pr-support.o)
                0x00001e44                __gnu_unwind_execute
                0x000020e0                __gnu_unwind_frame
                0x0000210c                _Unwind_GetRegionStart
                0x00002118                _Unwind_GetLanguageSpecificData
 .text          0x0000212c        0x4 c:/progra~3/matlab/suppor~1/r2022a/3p778c~1.ins/gnuarm~1.ins/win/bin/../lib/gcc/arm-none-eabi/9.3.1/thumb/v7e-m+fp/hard\libgcc.a(_dvmd_tls.o)
                0x0000212c                __aeabi_idiv0
                0x0000212c                __aeabi_ldiv0
 .text          0x00002130      0x134 c:/progra~3/matlab/suppor~1/r2022a/3p778c~1.ins/gnuarm~1.ins/win/bin/../lib/gcc/arm-none-eabi/9.3.1/../../../../arm-none-eabi/lib/thumb/v7e-m+fp/hard\libg.a(lib_a-memcpy.o)
                0x00002130                memcpy
 *fill*         0x00002264        0xc 
 .text          0x00002270       0xa0 c:/progra~3/matlab/suppor~1/r2022a/3p778c~1.ins/gnuarm~1.ins/win/bin/../lib/gcc/arm-none-eabi/9.3.1/../../../../arm-none-eabi/lib/thumb/v7e-m+fp/hard\libg.a(lib_a-memchr.o)
                0x00002270                memchr
 *fill*         0x00002310       0x30 
 .text          0x00002340       0xdc c:/progra~3/matlab/suppor~1/r2022a/3p778c~1.ins/gnuarm~1.ins/win/bin/../lib/gcc/arm-none-eabi/9.3.1/../../../../arm-none-eabi/lib/thumb/v7e-m+fp/hard\libg.a(lib_a-strlen.o)
                0x00002340                strlen
 *(.text*)
 .text.MW_digitalIO_open
                0x0000241c       0xe0 MW_digitalIO.o
                0x0000241c                MW_digitalIO_open
 .text.MW_digitalIO_read
                0x000024fc       0x70 MW_digitalIO.o
                0x000024fc                MW_digitalIO_read
 .text.MW_digitalIO_write
                0x0000256c       0x7e MW_digitalIO.o
                0x0000256c                MW_digitalIO_write
 .text.MW_digitalIO_close
                0x000025ea       0x3c MW_digitalIO.o
                0x000025ea                MW_digitalIO_close
 *fill*         0x00002626        0x2 
 .text.PORT_HAL_SetMuxMode
                0x00002628       0x58 MW_PWM.o
 .text.FTM_HAL_SetClockSource
                0x00002680       0x2e MW_PWM.o
 *fill*         0x000026ae        0x2 
 .text.MW_PWM_Open
                0x000026b0      0x164 MW_PWM.o
                0x000026b0                MW_PWM_Open
 .text.MW_PWM_Start
                0x00002814       0x14 MW_PWM.o
                0x00002814                MW_PWM_Start
 .text.MW_PWM_SetDutyCycle
                0x00002828       0x7c MW_PWM.o
                0x00002828                MW_PWM_SetDutyCycle
 .text.MW_PWM_Stop
                0x000028a4       0x2c MW_PWM.o
                0x000028a4                MW_PWM_Stop
 .text.MW_PWM_Close
                0x000028d0       0x14 MW_PWM.o
                0x000028d0                MW_PWM_Close
 .text.baseRateTask
                0x000028e4       0x7c ert_main.o
                0x000028e4                baseRateTask
 .text.terminateTask
                0x00002960       0x34 ert_main.o
                0x00002960                terminateTask
 .text.main     0x00002994       0x48 ert_main.o
                0x00002994                main
 .text.VVI_prev_enter_atomic_PACE_OFF
                0x000029dc       0xec VVI_prev.o
 .text.VVI_prev_step
                0x00002ac8      0x618 VVI_prev.o
                0x00002ac8                VVI_prev_step
 .text.VVI_prev_initialize
                0x000030e0      0x430 VVI_prev.o
                0x000030e0                VVI_prev_initialize
 .text.VVI_prev_terminate
                0x00003510      0x2c0 VVI_prev.o
                0x00003510                VVI_prev_terminate
 .text.init_data_bss
                0x000037d0       0xd0 startup.o
                0x000037d0                init_data_bss
 .text.SystemInit
                0x000038a0      0x1dc system_MK64F12.o
                0x000038a0                SystemInit
 .text.SystemCoreClockUpdate
                0x00003a7c      0x290 system_MK64F12.o
                0x00003a7c                SystemCoreClockUpdate
 .text.PORT_HAL_SetMuxMode
                0x00003d0c       0x58 board.o
 .text.SMC_HAL_SetProtection
                0x00003d64       0x1e board.o
 *fill*         0x00003d82        0x2 
 .text.BOARD_InitOsc0
                0x00003d84       0x30 board.o
                0x00003d84                BOARD_InitOsc0
 .text.BOARD_InitRtcOsc
                0x00003db4       0x28 board.o
                0x00003db4                BOARD_InitRtcOsc
 .text.BOARD_ClockInit
                0x00003ddc       0x34 board.o
                0x00003ddc                BOARD_ClockInit
 .text.hardware_init
                0x00003e10       0x30 hardware_init.o
                0x00003e10                hardware_init
 .text.DMA0_IRQHandler
                0x00003e40        0xe fsl_edma_irq.o
                0x00003e40                DMA0_IRQHandler
 .text.DMA1_IRQHandler
                0x00003e4e        0xe fsl_edma_irq.o
                0x00003e4e                DMA1_IRQHandler
 .text.DMA2_IRQHandler
                0x00003e5c        0xe fsl_edma_irq.o
                0x00003e5c                DMA2_IRQHandler
 .text.DMA3_IRQHandler
                0x00003e6a        0xe fsl_edma_irq.o
                0x00003e6a                DMA3_IRQHandler
 .text.DMA4_IRQHandler
                0x00003e78        0xe fsl_edma_irq.o
                0x00003e78                DMA4_IRQHandler
 .text.DMA5_IRQHandler
                0x00003e86        0xe fsl_edma_irq.o
                0x00003e86                DMA5_IRQHandler
 .text.DMA6_IRQHandler
                0x00003e94        0xe fsl_edma_irq.o
                0x00003e94                DMA6_IRQHandler
 .text.DMA7_IRQHandler
                0x00003ea2        0xe fsl_edma_irq.o
                0x00003ea2                DMA7_IRQHandler
 .text.DMA8_IRQHandler
                0x00003eb0        0xe fsl_edma_irq.o
                0x00003eb0                DMA8_IRQHandler
 .text.DMA9_IRQHandler
                0x00003ebe        0xe fsl_edma_irq.o
                0x00003ebe                DMA9_IRQHandler
 .text.DMA10_IRQHandler
                0x00003ecc        0xe fsl_edma_irq.o
                0x00003ecc                DMA10_IRQHandler
 .text.DMA11_IRQHandler
                0x00003eda        0xe fsl_edma_irq.o
                0x00003eda                DMA11_IRQHandler
 .text.DMA12_IRQHandler
                0x00003ee8        0xe fsl_edma_irq.o
                0x00003ee8                DMA12_IRQHandler
 .text.DMA13_IRQHandler
                0x00003ef6        0xe fsl_edma_irq.o
                0x00003ef6                DMA13_IRQHandler
 .text.DMA14_IRQHandler
                0x00003f04        0xe fsl_edma_irq.o
                0x00003f04                DMA14_IRQHandler
 .text.DMA15_IRQHandler
                0x00003f12        0xe fsl_edma_irq.o
                0x00003f12                DMA15_IRQHandler
 .text.DMA_Error_IRQHandler
                0x00003f20        0xe fsl_edma_irq.o
                0x00003f20                DMA_Error_IRQHandler
 .text.UART0_RX_TX_IRQHandler
                0x00003f2e        0xe fsl_uart_irq.o
                0x00003f2e                UART0_RX_TX_IRQHandler
 .text.UART1_RX_TX_IRQHandler
                0x00003f3c        0xe fsl_uart_irq.o
                0x00003f3c                UART1_RX_TX_IRQHandler
 .text.UART2_RX_TX_IRQHandler
                0x00003f4a        0xe fsl_uart_irq.o
                0x00003f4a                UART2_RX_TX_IRQHandler
 .text.UART3_RX_TX_IRQHandler
                0x00003f58        0xe fsl_uart_irq.o
                0x00003f58                UART3_RX_TX_IRQHandler
 .text.UART4_RX_TX_IRQHandler
                0x00003f66        0xe fsl_uart_irq.o
                0x00003f66                UART4_RX_TX_IRQHandler
 .text.UART5_RX_TX_IRQHandler
                0x00003f74        0xe fsl_uart_irq.o
                0x00003f74                UART5_RX_TX_IRQHandler
 .text.NMI_Handler
                0x00003f82        0x6 irq_stub.o
                0x00003f82                NMI_Handler
 .text.HardFault_Handler
                0x00003f88        0x6 irq_stub.o
                0x00003f88                HardFault_Handler
 .text.MemManage_Handler
                0x00003f8e        0x6 irq_stub.o
                0x00003f8e                MemManage_Handler
 .text.BusFault_Handler
                0x00003f94        0x6 irq_stub.o
                0x00003f94                BusFault_Handler
 .text.UsageFault_Handler
                0x00003f9a        0x6 irq_stub.o
                0x00003f9a                UsageFault_Handler
 .text.DebugMon_Handler
                0x00003fa0        0x6 irq_stub.o
                0x00003fa0                DebugMon_Handler
 .text.MCM_IRQHandler
                0x00003fa6        0x6 irq_stub.o
                0x00003fa6                MCM_IRQHandler
 .text.FTFE_IRQHandler
                0x00003fac        0x6 irq_stub.o
                0x00003fac                FTFE_IRQHandler
 .text.Read_Collision_IRQHandler
                0x00003fb2        0x6 irq_stub.o
                0x00003fb2                Read_Collision_IRQHandler
 .text.LVD_LVW_IRQHandler
                0x00003fb8        0x6 irq_stub.o
                0x00003fb8                LVD_LVW_IRQHandler
 .text.LLWU_IRQHandler
                0x00003fbe        0x6 irq_stub.o
                0x00003fbe                LLWU_IRQHandler
 .text.WDOG_EWM_IRQHandler
                0x00003fc4        0x6 irq_stub.o
                0x00003fc4                WDOG_EWM_IRQHandler
 .text.RNG_IRQHandler
                0x00003fca        0x6 irq_stub.o
                0x00003fca                RNG_IRQHandler
 .text.I2C0_IRQHandler
                0x00003fd0        0x6 irq_stub.o
                0x00003fd0                I2C0_IRQHandler
 .text.I2C1_IRQHandler
                0x00003fd6        0x6 irq_stub.o
                0x00003fd6                I2C1_IRQHandler
 .text.SPI0_IRQHandler
                0x00003fdc        0x6 irq_stub.o
                0x00003fdc                SPI0_IRQHandler
 .text.SPI1_IRQHandler
                0x00003fe2        0x6 irq_stub.o
                0x00003fe2                SPI1_IRQHandler
 .text.I2S0_Tx_IRQHandler
                0x00003fe8        0x6 irq_stub.o
                0x00003fe8                I2S0_Tx_IRQHandler
 .text.I2S0_Rx_IRQHandler
                0x00003fee        0x6 irq_stub.o
                0x00003fee                I2S0_Rx_IRQHandler
 .text.UART0_LON_IRQHandler
                0x00003ff4        0x6 irq_stub.o
                0x00003ff4                UART0_LON_IRQHandler
 .text.UART0_ERR_IRQHandler
                0x00003ffa        0x6 irq_stub.o
                0x00003ffa                UART0_ERR_IRQHandler
 .text.UART1_ERR_IRQHandler
                0x00004000        0x6 irq_stub.o
                0x00004000                UART1_ERR_IRQHandler
 .text.UART2_ERR_IRQHandler
                0x00004006        0x6 irq_stub.o
                0x00004006                UART2_ERR_IRQHandler
 .text.UART3_ERR_IRQHandler
                0x0000400c        0x6 irq_stub.o
                0x0000400c                UART3_ERR_IRQHandler
 .text.ADC0_IRQHandler
                0x00004012        0x6 irq_stub.o
                0x00004012                ADC0_IRQHandler
 .text.CMP0_IRQHandler
                0x00004018        0x6 irq_stub.o
                0x00004018                CMP0_IRQHandler
 .text.CMP1_IRQHandler
                0x0000401e        0x6 irq_stub.o
                0x0000401e                CMP1_IRQHandler
 .text.FTM0_IRQHandler
                0x00004024        0x6 irq_stub.o
                0x00004024                FTM0_IRQHandler
 .text.FTM1_IRQHandler
                0x0000402a        0x6 irq_stub.o
                0x0000402a                FTM1_IRQHandler
 .text.FTM2_IRQHandler
                0x00004030        0x6 irq_stub.o
                0x00004030                FTM2_IRQHandler
 .text.CMT_IRQHandler
                0x00004036        0x6 irq_stub.o
                0x00004036                CMT_IRQHandler
 .text.RTC_IRQHandler
                0x0000403c        0x6 irq_stub.o
                0x0000403c                RTC_IRQHandler
 .text.RTC_Seconds_IRQHandler
                0x00004042        0x6 irq_stub.o
                0x00004042                RTC_Seconds_IRQHandler
 .text.PDB0_IRQHandler
                0x00004048        0x6 irq_stub.o
                0x00004048                PDB0_IRQHandler
 .text.USB0_IRQHandler
                0x0000404e        0x6 irq_stub.o
                0x0000404e                USB0_IRQHandler
 .text.USBDCD_IRQHandler
                0x00004054        0x6 irq_stub.o
                0x00004054                USBDCD_IRQHandler
 .text.Reserved71_IRQHandler
                0x0000405a        0x6 irq_stub.o
                0x0000405a                Reserved71_IRQHandler
 .text.DAC0_IRQHandler
                0x00004060        0x6 irq_stub.o
                0x00004060                DAC0_IRQHandler
 .text.MCG_IRQHandler
                0x00004066        0x6 irq_stub.o
                0x00004066                MCG_IRQHandler
 .text.LPTMR0_IRQHandler
                0x0000406c        0x6 irq_stub.o
                0x0000406c                LPTMR0_IRQHandler
 .text.PORTA_IRQHandler
                0x00004072        0x6 irq_stub.o
                0x00004072                PORTA_IRQHandler
 .text.PORTB_IRQHandler
                0x00004078        0x6 irq_stub.o
                0x00004078                PORTB_IRQHandler
 .text.PORTC_IRQHandler
                0x0000407e        0x6 irq_stub.o
                0x0000407e                PORTC_IRQHandler
 .text.PORTD_IRQHandler
                0x00004084        0x6 irq_stub.o
                0x00004084                PORTD_IRQHandler
 .text.PORTE_IRQHandler
                0x0000408a        0x6 irq_stub.o
                0x0000408a                PORTE_IRQHandler
 .text.SWI_IRQHandler
                0x00004090        0x6 irq_stub.o
                0x00004090                SWI_IRQHandler
 .text.SPI2_IRQHandler
                0x00004096        0x6 irq_stub.o
                0x00004096                SPI2_IRQHandler
 .text.UART4_ERR_IRQHandler
                0x0000409c        0x6 irq_stub.o
                0x0000409c                UART4_ERR_IRQHandler
 .text.UART5_ERR_IRQHandler
                0x000040a2        0x6 irq_stub.o
                0x000040a2                UART5_ERR_IRQHandler
 .text.CMP2_IRQHandler
                0x000040a8        0x6 irq_stub.o
                0x000040a8                CMP2_IRQHandler
 .text.FTM3_IRQHandler
                0x000040ae        0x6 irq_stub.o
                0x000040ae                FTM3_IRQHandler
 .text.DAC1_IRQHandler
                0x000040b4        0x6 irq_stub.o
                0x000040b4                DAC1_IRQHandler
 .text.ADC1_IRQHandler
                0x000040ba        0x6 irq_stub.o
                0x000040ba                ADC1_IRQHandler
 .text.I2C2_IRQHandler
                0x000040c0        0x6 irq_stub.o
                0x000040c0                I2C2_IRQHandler
 .text.CAN0_ORed_Message_buffer_IRQHandler
                0x000040c6        0x6 irq_stub.o
                0x000040c6                CAN0_ORed_Message_buffer_IRQHandler
 .text.CAN0_Bus_Off_IRQHandler
                0x000040cc        0x6 irq_stub.o
                0x000040cc                CAN0_Bus_Off_IRQHandler
 .text.CAN0_Error_IRQHandler
                0x000040d2        0x6 irq_stub.o
                0x000040d2                CAN0_Error_IRQHandler
 .text.CAN0_Tx_Warning_IRQHandler
                0x000040d8        0x6 irq_stub.o
                0x000040d8                CAN0_Tx_Warning_IRQHandler
 .text.CAN0_Rx_Warning_IRQHandler
                0x000040de        0x6 irq_stub.o
                0x000040de                CAN0_Rx_Warning_IRQHandler
 .text.CAN0_Wake_Up_IRQHandler
                0x000040e4        0x6 irq_stub.o
                0x000040e4                CAN0_Wake_Up_IRQHandler
 *fill*         0x000040ea        0x2 
 .text._sbrk    0x000040ec       0x5c sbrk.o
                0x000040ec                _sbrk
 .text.schedulerTask
                0x00004148       0x1c cmsis_rtos_init.o
                0x00004148                schedulerTask
 .text.mw_initSignalEvents
                0x00004164       0x40 cmsis_rtos_init.o
                0x00004164                mw_initSignalEvents
 .text.mw_RTOSInit
                0x000041a4       0x8c cmsis_rtos_init.o
                0x000041a4                mw_RTOSInit
 .text.os_idle_demon
                0x00004230        0x8 RTX_Conf_CM.o
                0x00004230                os_idle_demon
 .text.os_error
                0x00004238       0x2c RTX_Conf_CM.o
                0x00004238                os_error
 .text.rt_init_robin
                0x00004264        0x4 RTX_Conf_CM.o
                0x00004264                rt_init_robin
 .text.rt_chk_robin
                0x00004268        0x4 RTX_Conf_CM.o
                0x00004268                rt_chk_robin
 .text.software_init_hook
                0x0000426c       0x34 RTX_Conf_CM.o
                0x0000426c                software_init_hook
 .text.mw_osThreadCreate
                0x000042a0       0x52 mw_thread.o
                0x000042a0                mw_osThreadCreate
 .text.mw_osThreadGetId
                0x000042f2        0xe mw_thread.o
                0x000042f2                mw_osThreadGetId
 .text.mw_osThreadExit
                0x00004300       0x22 mw_thread.o
                0x00004300                mw_osThreadExit
 .text.mw_osTimerCreate
                0x00004322       0x4e mw_timer.o
                0x00004322                mw_osTimerCreate
 .text.mw_osTimerStart
                0x00004370       0x24 mw_timer.o
                0x00004370                mw_osTimerStart
 .text.mw_osSignalSet
                0x00004394       0x2e mw_signal.o
                0x00004394                mw_osSignalSet
 .text.mw_osSignalClear
                0x000043c2       0x26 mw_signal.o
                0x000043c2                mw_osSignalClear
 .text.mw_osSignalWaitEver
                0x000043e8       0x20 mw_signal.o
                0x000043e8                mw_osSignalWaitEver
 .text.mw_osSignalEventCreate
                0x00004408       0x20 mw_signal.o
                0x00004408                mw_osSignalEventCreate
 .text.mw_osSignalEventRelease
                0x00004428       0x26 mw_signal.o
                0x00004428                mw_osSignalEventRelease
 .text.mw_osSignalEventWaitEver
                0x0000444e       0x34 mw_signal.o
                0x0000444e                mw_osSignalEventWaitEver
 *fill*         0x00004482        0x2 
 .text.osThreadExit
                0x00004484       0x18 C:/ProgramData/MATLAB/SupportPackages/R2022a/3P.instrset/cmsis.instrset/CMSIS/RTOS/RTX/LIB/GCC/libRTX_CM4.a(rt_cmsis.o)
                0x00004484                osThreadExit
 .text.svcKernelInitialize
                0x0000449c      0x104 C:/ProgramData/MATLAB/SupportPackages/R2022a/3P.instrset/cmsis.instrset/CMSIS/RTOS/RTX/LIB/GCC/libRTX_CM4.a(rt_cmsis.o)
                0x0000449c                svcKernelInitialize
 .text.svcKernelStart
                0x000045a0       0x48 C:/ProgramData/MATLAB/SupportPackages/R2022a/3P.instrset/cmsis.instrset/CMSIS/RTOS/RTX/LIB/GCC/libRTX_CM4.a(rt_cmsis.o)
                0x000045a0                svcKernelStart
 .text.osKernelInitialize
                0x000045e8       0x28 C:/ProgramData/MATLAB/SupportPackages/R2022a/3P.instrset/cmsis.instrset/CMSIS/RTOS/RTX/LIB/GCC/libRTX_CM4.a(rt_cmsis.o)
                0x000045e8                osKernelInitialize
 .text.osKernelStart
                0x00004610       0x74 C:/ProgramData/MATLAB/SupportPackages/R2022a/3P.instrset/cmsis.instrset/CMSIS/RTOS/RTX/LIB/GCC/libRTX_CM4.a(rt_cmsis.o)
                0x00004610                osKernelStart
 .text.svcThreadCreate
                0x00004684       0x7c C:/ProgramData/MATLAB/SupportPackages/R2022a/3P.instrset/cmsis.instrset/CMSIS/RTOS/RTX/LIB/GCC/libRTX_CM4.a(rt_cmsis.o)
                0x00004684                svcThreadCreate
 .text.svcThreadGetId
                0x00004700       0x18 C:/ProgramData/MATLAB/SupportPackages/R2022a/3P.instrset/cmsis.instrset/CMSIS/RTOS/RTX/LIB/GCC/libRTX_CM4.a(rt_cmsis.o)
                0x00004700                svcThreadGetId
 .text.svcThreadTerminate
                0x00004718       0x48 C:/ProgramData/MATLAB/SupportPackages/R2022a/3P.instrset/cmsis.instrset/CMSIS/RTOS/RTX/LIB/GCC/libRTX_CM4.a(rt_cmsis.o)
                0x00004718                svcThreadTerminate
 .text.osThreadCreate
                0x00004760       0xa4 C:/ProgramData/MATLAB/SupportPackages/R2022a/3P.instrset/cmsis.instrset/CMSIS/RTOS/RTX/LIB/GCC/libRTX_CM4.a(rt_cmsis.o)
                0x00004760                osThreadCreate
 .text.osThreadGetId
                0x00004804       0x18 C:/ProgramData/MATLAB/SupportPackages/R2022a/3P.instrset/cmsis.instrset/CMSIS/RTOS/RTX/LIB/GCC/libRTX_CM4.a(rt_cmsis.o)
                0x00004804                osThreadGetId
 .text.osThreadTerminate
                0x0000481c       0x18 C:/ProgramData/MATLAB/SupportPackages/R2022a/3P.instrset/cmsis.instrset/CMSIS/RTOS/RTX/LIB/GCC/libRTX_CM4.a(rt_cmsis.o)
                0x0000481c                osThreadTerminate
 .text.svcTimerCreate
                0x00004834       0x40 C:/ProgramData/MATLAB/SupportPackages/R2022a/3P.instrset/cmsis.instrset/CMSIS/RTOS/RTX/LIB/GCC/libRTX_CM4.a(rt_cmsis.o)
                0x00004834                svcTimerCreate
 .text.svcTimerStart
                0x00004874       0xdc C:/ProgramData/MATLAB/SupportPackages/R2022a/3P.instrset/cmsis.instrset/CMSIS/RTOS/RTX/LIB/GCC/libRTX_CM4.a(rt_cmsis.o)
                0x00004874                svcTimerStart
 .text.svcTimerCall
                0x00004950       0x18 C:/ProgramData/MATLAB/SupportPackages/R2022a/3P.instrset/cmsis.instrset/CMSIS/RTOS/RTX/LIB/GCC/libRTX_CM4.a(rt_cmsis.o)
                0x00004950                svcTimerCall
 .text.sysTimerTick
                0x00004968       0xc8 C:/ProgramData/MATLAB/SupportPackages/R2022a/3P.instrset/cmsis.instrset/CMSIS/RTOS/RTX/LIB/GCC/libRTX_CM4.a(rt_cmsis.o)
                0x00004968                sysTimerTick
 .text.osTimerCreate
                0x00004a30       0x68 C:/ProgramData/MATLAB/SupportPackages/R2022a/3P.instrset/cmsis.instrset/CMSIS/RTOS/RTX/LIB/GCC/libRTX_CM4.a(rt_cmsis.o)
                0x00004a30                osTimerCreate
 .text.osTimerStart
                0x00004a98       0x18 C:/ProgramData/MATLAB/SupportPackages/R2022a/3P.instrset/cmsis.instrset/CMSIS/RTOS/RTX/LIB/GCC/libRTX_CM4.a(rt_cmsis.o)
                0x00004a98                osTimerStart
 .text.osTimerThread
                0x00004ab0       0x3c C:/ProgramData/MATLAB/SupportPackages/R2022a/3P.instrset/cmsis.instrset/CMSIS/RTOS/RTX/LIB/GCC/libRTX_CM4.a(rt_cmsis.o)
                0x00004ab0                osTimerThread
 .text.svcSignalSet
                0x00004aec       0x2c C:/ProgramData/MATLAB/SupportPackages/R2022a/3P.instrset/cmsis.instrset/CMSIS/RTOS/RTX/LIB/GCC/libRTX_CM4.a(rt_cmsis.o)
                0x00004aec                svcSignalSet
 .text.svcSignalClear
                0x00004b18       0x2c C:/ProgramData/MATLAB/SupportPackages/R2022a/3P.instrset/cmsis.instrset/CMSIS/RTOS/RTX/LIB/GCC/libRTX_CM4.a(rt_cmsis.o)
                0x00004b18                svcSignalClear
 .text.svcSignalWait
                0x00004b44      0x100 C:/ProgramData/MATLAB/SupportPackages/R2022a/3P.instrset/cmsis.instrset/CMSIS/RTOS/RTX/LIB/GCC/libRTX_CM4.a(rt_cmsis.o)
                0x00004b44                svcSignalWait
 .text.osSignalSet
                0x00004c44       0x40 C:/ProgramData/MATLAB/SupportPackages/R2022a/3P.instrset/cmsis.instrset/CMSIS/RTOS/RTX/LIB/GCC/libRTX_CM4.a(rt_cmsis.o)
                0x00004c44                osSignalSet
 .text.osSignalClear
                0x00004c84       0x1c C:/ProgramData/MATLAB/SupportPackages/R2022a/3P.instrset/cmsis.instrset/CMSIS/RTOS/RTX/LIB/GCC/libRTX_CM4.a(rt_cmsis.o)
                0x00004c84                osSignalClear
 .text.osSignalWait
                0x00004ca0       0x2c C:/ProgramData/MATLAB/SupportPackages/R2022a/3P.instrset/cmsis.instrset/CMSIS/RTOS/RTX/LIB/GCC/libRTX_CM4.a(rt_cmsis.o)
                0x00004ca0                osSignalWait
 .text.svcMessageGet
                0x00004ccc       0xbc C:/ProgramData/MATLAB/SupportPackages/R2022a/3P.instrset/cmsis.instrset/CMSIS/RTOS/RTX/LIB/GCC/libRTX_CM4.a(rt_cmsis.o)
                0x00004ccc                svcMessageGet
 .text.rt_init_stack
                0x00004d88       0xa8 C:/ProgramData/MATLAB/SupportPackages/R2022a/3P.instrset/cmsis.instrset/CMSIS/RTOS/RTX/LIB/GCC/libRTX_CM4.a(hal_cm.o)
                0x00004d88                rt_init_stack
 .text.rt_ret_val
                0x00004e30       0x14 C:/ProgramData/MATLAB/SupportPackages/R2022a/3P.instrset/cmsis.instrset/CMSIS/RTOS/RTX/LIB/GCC/libRTX_CM4.a(hal_cm.o)
                0x00004e30                rt_ret_val
 .text.rt_ret_val2
                0x00004e44       0x24 C:/ProgramData/MATLAB/SupportPackages/R2022a/3P.instrset/cmsis.instrset/CMSIS/RTOS/RTX/LIB/GCC/libRTX_CM4.a(hal_cm.o)
                0x00004e44                rt_ret_val2
 .text.dbg_init
                0x00004e68       0x34 C:/ProgramData/MATLAB/SupportPackages/R2022a/3P.instrset/cmsis.instrset/CMSIS/RTOS/RTX/LIB/GCC/libRTX_CM4.a(hal_cm.o)
                0x00004e68                dbg_init
 .text.dbg_task_notify
                0x00004e9c       0x2c C:/ProgramData/MATLAB/SupportPackages/R2022a/3P.instrset/cmsis.instrset/CMSIS/RTOS/RTX/LIB/GCC/libRTX_CM4.a(hal_cm.o)
                0x00004e9c                dbg_task_notify
 .text.dbg_task_switch
                0x00004ec8       0x14 C:/ProgramData/MATLAB/SupportPackages/R2022a/3P.instrset/cmsis.instrset/CMSIS/RTOS/RTX/LIB/GCC/libRTX_CM4.a(hal_cm.o)
                0x00004ec8                dbg_task_switch
 .text.rt_init_mem
                0x00004edc       0x1c C:/ProgramData/MATLAB/SupportPackages/R2022a/3P.instrset/cmsis.instrset/CMSIS/RTOS/RTX/LIB/GCC/libRTX_CM4.a(rt_memory.o)
                0x00004edc                rt_init_mem
 .text.rt_alloc_mem
                0x00004ef8       0x48 C:/ProgramData/MATLAB/SupportPackages/R2022a/3P.instrset/cmsis.instrset/CMSIS/RTOS/RTX/LIB/GCC/libRTX_CM4.a(rt_memory.o)
                0x00004ef8                rt_alloc_mem
 .text.rt_free_mem
                0x00004f40       0x54 C:/ProgramData/MATLAB/SupportPackages/R2022a/3P.instrset/cmsis.instrset/CMSIS/RTOS/RTX/LIB/GCC/libRTX_CM4.a(rt_memory.o)
                0x00004f40                rt_free_mem
 .text._init_box
                0x00004f94       0x58 C:/ProgramData/MATLAB/SupportPackages/R2022a/3P.instrset/cmsis.instrset/CMSIS/RTOS/RTX/LIB/GCC/libRTX_CM4.a(rt_membox.o)
                0x00004f94                _init_box
 .text.rt_alloc_box
                0x00004fec       0x1c C:/ProgramData/MATLAB/SupportPackages/R2022a/3P.instrset/cmsis.instrset/CMSIS/RTOS/RTX/LIB/GCC/libRTX_CM4.a(rt_membox.o)
                0x00004fec                rt_alloc_box
 .text.rt_free_box
                0x00005008       0x28 C:/ProgramData/MATLAB/SupportPackages/R2022a/3P.instrset/cmsis.instrset/CMSIS/RTOS/RTX/LIB/GCC/libRTX_CM4.a(rt_membox.o)
                0x00005008                rt_free_box
 .text.rt_sem_psh
                0x00005030       0x34 C:/ProgramData/MATLAB/SupportPackages/R2022a/3P.instrset/cmsis.instrset/CMSIS/RTOS/RTX/LIB/GCC/libRTX_CM4.a(rt_semaphore.o)
                0x00005030                rt_sem_psh
 .text.rt_mbx_init
                0x00005064       0x18 C:/ProgramData/MATLAB/SupportPackages/R2022a/3P.instrset/cmsis.instrset/CMSIS/RTOS/RTX/LIB/GCC/libRTX_CM4.a(rt_mailbox.o)
                0x00005064                rt_mbx_init
 .text.rt_mbx_wait
                0x0000507c       0xa8 C:/ProgramData/MATLAB/SupportPackages/R2022a/3P.instrset/cmsis.instrset/CMSIS/RTOS/RTX/LIB/GCC/libRTX_CM4.a(rt_mailbox.o)
                0x0000507c                rt_mbx_wait
 .text.rt_mbx_check
                0x00005124        0x8 C:/ProgramData/MATLAB/SupportPackages/R2022a/3P.instrset/cmsis.instrset/CMSIS/RTOS/RTX/LIB/GCC/libRTX_CM4.a(rt_mailbox.o)
                0x00005124                rt_mbx_check
 .text.isr_mbx_send
                0x0000512c       0x10 C:/ProgramData/MATLAB/SupportPackages/R2022a/3P.instrset/cmsis.instrset/CMSIS/RTOS/RTX/LIB/GCC/libRTX_CM4.a(rt_mailbox.o)
                0x0000512c                isr_mbx_send
 .text.rt_mbx_psh
                0x0000513c       0xe8 C:/ProgramData/MATLAB/SupportPackages/R2022a/3P.instrset/cmsis.instrset/CMSIS/RTOS/RTX/LIB/GCC/libRTX_CM4.a(rt_mailbox.o)
                0x0000513c                rt_mbx_psh
 .text.rt_put_prio
                0x00005224       0x50 C:/ProgramData/MATLAB/SupportPackages/R2022a/3P.instrset/cmsis.instrset/CMSIS/RTOS/RTX/LIB/GCC/libRTX_CM4.a(rt_list.o)
                0x00005224                rt_put_prio
 .text.rt_get_first
                0x00005274       0x28 C:/ProgramData/MATLAB/SupportPackages/R2022a/3P.instrset/cmsis.instrset/CMSIS/RTOS/RTX/LIB/GCC/libRTX_CM4.a(rt_list.o)
                0x00005274                rt_get_first
 .text.rt_put_rdy_first
                0x0000529c       0x14 C:/ProgramData/MATLAB/SupportPackages/R2022a/3P.instrset/cmsis.instrset/CMSIS/RTOS/RTX/LIB/GCC/libRTX_CM4.a(rt_list.o)
                0x0000529c                rt_put_rdy_first
 .text.rt_resort_prio
                0x000052b0       0xac C:/ProgramData/MATLAB/SupportPackages/R2022a/3P.instrset/cmsis.instrset/CMSIS/RTOS/RTX/LIB/GCC/libRTX_CM4.a(rt_list.o)
                0x000052b0                rt_resort_prio
 .text.rt_put_dly
                0x0000535c       0x60 C:/ProgramData/MATLAB/SupportPackages/R2022a/3P.instrset/cmsis.instrset/CMSIS/RTOS/RTX/LIB/GCC/libRTX_CM4.a(rt_list.o)
                0x0000535c                rt_put_dly
 .text.rt_dec_dly
                0x000053bc       0xbc C:/ProgramData/MATLAB/SupportPackages/R2022a/3P.instrset/cmsis.instrset/CMSIS/RTOS/RTX/LIB/GCC/libRTX_CM4.a(rt_list.o)
                0x000053bc                rt_dec_dly
 .text.rt_rmv_list
                0x00005478       0x2c C:/ProgramData/MATLAB/SupportPackages/R2022a/3P.instrset/cmsis.instrset/CMSIS/RTOS/RTX/LIB/GCC/libRTX_CM4.a(rt_list.o)
                0x00005478                rt_rmv_list
 .text.rt_rmv_dly
                0x000054a4       0x30 C:/ProgramData/MATLAB/SupportPackages/R2022a/3P.instrset/cmsis.instrset/CMSIS/RTOS/RTX/LIB/GCC/libRTX_CM4.a(rt_list.o)
                0x000054a4                rt_rmv_dly
 .text.rt_psq_enq
                0x000054d4       0x44 C:/ProgramData/MATLAB/SupportPackages/R2022a/3P.instrset/cmsis.instrset/CMSIS/RTOS/RTX/LIB/GCC/libRTX_CM4.a(rt_list.o)
                0x000054d4                rt_psq_enq
 .text.rt_evt_wait
                0x00005518       0x44 C:/ProgramData/MATLAB/SupportPackages/R2022a/3P.instrset/cmsis.instrset/CMSIS/RTOS/RTX/LIB/GCC/libRTX_CM4.a(rt_event.o)
                0x00005518                rt_evt_wait
 .text.rt_evt_set
                0x0000555c       0x58 C:/ProgramData/MATLAB/SupportPackages/R2022a/3P.instrset/cmsis.instrset/CMSIS/RTOS/RTX/LIB/GCC/libRTX_CM4.a(rt_event.o)
                0x0000555c                rt_evt_set
 .text.rt_evt_clr
                0x000055b4       0x18 C:/ProgramData/MATLAB/SupportPackages/R2022a/3P.instrset/cmsis.instrset/CMSIS/RTOS/RTX/LIB/GCC/libRTX_CM4.a(rt_event.o)
                0x000055b4                rt_evt_clr
 .text.isr_evt_set
                0x000055cc       0x24 C:/ProgramData/MATLAB/SupportPackages/R2022a/3P.instrset/cmsis.instrset/CMSIS/RTOS/RTX/LIB/GCC/libRTX_CM4.a(rt_event.o)
                0x000055cc                isr_evt_set
 .text.rt_evt_psh
                0x000055f0       0x50 C:/ProgramData/MATLAB/SupportPackages/R2022a/3P.instrset/cmsis.instrset/CMSIS/RTOS/RTX/LIB/GCC/libRTX_CM4.a(rt_event.o)
                0x000055f0                rt_evt_psh
 .text.rt_psh_req
                0x00005640       0x20 C:/ProgramData/MATLAB/SupportPackages/R2022a/3P.instrset/cmsis.instrset/CMSIS/RTOS/RTX/LIB/GCC/libRTX_CM4.a(rt_system.o)
                0x00005640                rt_psh_req
 .text.rt_pop_req
                0x00005660       0x9c C:/ProgramData/MATLAB/SupportPackages/R2022a/3P.instrset/cmsis.instrset/CMSIS/RTOS/RTX/LIB/GCC/libRTX_CM4.a(rt_system.o)
                0x00005660                rt_pop_req
 .text.os_tick_init
                0x000056fc       0x40 C:/ProgramData/MATLAB/SupportPackages/R2022a/3P.instrset/cmsis.instrset/CMSIS/RTOS/RTX/LIB/GCC/libRTX_CM4.a(rt_system.o)
                0x000056fc                os_tick_init
 .text.os_tick_irqack
                0x0000573c        0x4 C:/ProgramData/MATLAB/SupportPackages/R2022a/3P.instrset/cmsis.instrset/CMSIS/RTOS/RTX/LIB/GCC/libRTX_CM4.a(rt_system.o)
                0x0000573c                os_tick_irqack
 .text.rt_systick
                0x00005740       0x3c C:/ProgramData/MATLAB/SupportPackages/R2022a/3P.instrset/cmsis.instrset/CMSIS/RTOS/RTX/LIB/GCC/libRTX_CM4.a(rt_system.o)
                0x00005740                rt_systick
 .text.rt_stk_check
                0x0000577c       0x24 C:/ProgramData/MATLAB/SupportPackages/R2022a/3P.instrset/cmsis.instrset/CMSIS/RTOS/RTX/LIB/GCC/libRTX_CM4.a(rt_system.o)
                0x0000577c                rt_stk_check
 .text.rt_switch_req
                0x000057a0       0x24 C:/ProgramData/MATLAB/SupportPackages/R2022a/3P.instrset/cmsis.instrset/CMSIS/RTOS/RTX/LIB/GCC/libRTX_CM4.a(rt_task.o)
                0x000057a0                rt_switch_req
 .text.rt_dispatch
                0x000057c4       0x78 C:/ProgramData/MATLAB/SupportPackages/R2022a/3P.instrset/cmsis.instrset/CMSIS/RTOS/RTX/LIB/GCC/libRTX_CM4.a(rt_task.o)
                0x000057c4                rt_dispatch
 .text.rt_block
                0x0000583c       0x50 C:/ProgramData/MATLAB/SupportPackages/R2022a/3P.instrset/cmsis.instrset/CMSIS/RTOS/RTX/LIB/GCC/libRTX_CM4.a(rt_task.o)
                0x0000583c                rt_block
 .text.rt_tsk_self
                0x0000588c       0x10 C:/ProgramData/MATLAB/SupportPackages/R2022a/3P.instrset/cmsis.instrset/CMSIS/RTOS/RTX/LIB/GCC/libRTX_CM4.a(rt_task.o)
                0x0000588c                rt_tsk_self
 .text.rt_tsk_prio
                0x0000589c       0xa0 C:/ProgramData/MATLAB/SupportPackages/R2022a/3P.instrset/cmsis.instrset/CMSIS/RTOS/RTX/LIB/GCC/libRTX_CM4.a(rt_task.o)
                0x0000589c                rt_tsk_prio
 .text.rt_tsk_create
                0x0000593c       0xc8 C:/ProgramData/MATLAB/SupportPackages/R2022a/3P.instrset/cmsis.instrset/CMSIS/RTOS/RTX/LIB/GCC/libRTX_CM4.a(rt_task.o)
                0x0000593c                rt_tsk_create
 .text.rt_tsk_delete
                0x00005a04      0x1bc C:/ProgramData/MATLAB/SupportPackages/R2022a/3P.instrset/cmsis.instrset/CMSIS/RTOS/RTX/LIB/GCC/libRTX_CM4.a(rt_task.o)
                0x00005a04                rt_tsk_delete
 .text.rt_sys_init
                0x00005bc0       0xdc C:/ProgramData/MATLAB/SupportPackages/R2022a/3P.instrset/cmsis.instrset/CMSIS/RTOS/RTX/LIB/GCC/libRTX_CM4.a(rt_task.o)
                0x00005bc0                rt_sys_init
 .text.rt_sys_start
                0x00005c9c       0x8c C:/ProgramData/MATLAB/SupportPackages/R2022a/3P.instrset/cmsis.instrset/CMSIS/RTOS/RTX/LIB/GCC/libRTX_CM4.a(rt_task.o)
                0x00005c9c                rt_sys_start
 .text.OSA_TimeInit
                0x00005d28       0x40 C:/ProgramData/MATLAB/SupportPackages/R2022a/toolbox/target/supportpackages/freedomk64f/src/ksdk_armgcc_lib/bm/libksdk_platform.a(fsl_os_abstraction_bm.o)
                0x00005d28                OSA_TimeInit
 .text.OSA_SemaPost
                0x00005d68       0x3c C:/ProgramData/MATLAB/SupportPackages/R2022a/toolbox/target/supportpackages/freedomk64f/src/ksdk_armgcc_lib/bm/libksdk_platform.a(fsl_os_abstraction_bm.o)
                0x00005d68                OSA_SemaPost
 .text.task_init
                0x00005da4       0x38 C:/ProgramData/MATLAB/SupportPackages/R2022a/toolbox/target/supportpackages/freedomk64f/src/ksdk_armgcc_lib/bm/libksdk_platform.a(fsl_os_abstraction_bm.o)
                0x00005da4                task_init
 .text.OSA_Init
                0x00005ddc        0xe C:/ProgramData/MATLAB/SupportPackages/R2022a/toolbox/target/supportpackages/freedomk64f/src/ksdk_armgcc_lib/bm/libksdk_platform.a(fsl_os_abstraction_bm.o)
                0x00005ddc                OSA_Init
 *fill*         0x00005dea        0x2 
 .text.CLOCK_SYS_SetMcgPeeToFbe
                0x00005dec       0x34 C:/ProgramData/MATLAB/SupportPackages/R2022a/toolbox/target/supportpackages/freedomk64f/src/ksdk_armgcc_lib/bm/libksdk_platform.a(fsl_clock_manager.o)
 .text.CLOCK_SYS_SetMcgMode
                0x00005e20      0x124 C:/ProgramData/MATLAB/SupportPackages/R2022a/toolbox/target/supportpackages/freedomk64f/src/ksdk_armgcc_lib/bm/libksdk_platform.a(fsl_clock_manager.o)
                0x00005e20                CLOCK_SYS_SetMcgMode
 .text.CLOCK_SYS_SetOscerConfigration
                0x00005f44       0x20 C:/ProgramData/MATLAB/SupportPackages/R2022a/toolbox/target/supportpackages/freedomk64f/src/ksdk_armgcc_lib/bm/libksdk_platform.a(fsl_clock_manager.o)
                0x00005f44                CLOCK_SYS_SetOscerConfigration
 .text.CLOCK_SYS_OscInit
                0x00005f64       0x98 C:/ProgramData/MATLAB/SupportPackages/R2022a/toolbox/target/supportpackages/freedomk64f/src/ksdk_armgcc_lib/bm/libksdk_platform.a(fsl_clock_manager.o)
                0x00005f64                CLOCK_SYS_OscInit
 .text.CLOCK_SYS_RtcOscInit
                0x00005ffc       0x6c C:/ProgramData/MATLAB/SupportPackages/R2022a/toolbox/target/supportpackages/freedomk64f/src/ksdk_armgcc_lib/bm/libksdk_platform.a(fsl_clock_manager.o)
                0x00005ffc                CLOCK_SYS_RtcOscInit
 .text.SIM_HAL_EnableClock.constprop.0
                0x00006068       0x1c C:/ProgramData/MATLAB/SupportPackages/R2022a/toolbox/target/supportpackages/freedomk64f/src/ksdk_armgcc_lib/bm/libksdk_platform.a(fsl_clock_MK64F12.o)
 .text.CLOCK_SYS_GetCoreClockFreq
                0x00006084       0x24 C:/ProgramData/MATLAB/SupportPackages/R2022a/toolbox/target/supportpackages/freedomk64f/src/ksdk_armgcc_lib/bm/libksdk_platform.a(fsl_clock_MK64F12.o)
                0x00006084                CLOCK_SYS_GetCoreClockFreq
 .text.CLOCK_SYS_SetConfiguration
                0x000060a8       0x94 C:/ProgramData/MATLAB/SupportPackages/R2022a/toolbox/target/supportpackages/freedomk64f/src/ksdk_armgcc_lib/bm/libksdk_platform.a(fsl_clock_MK64F12.o)
                0x000060a8                CLOCK_SYS_SetConfiguration
 .text.CLOCK_SYS_FllStableDelay
                0x0000613c       0x18 C:/ProgramData/MATLAB/SupportPackages/R2022a/toolbox/target/supportpackages/freedomk64f/src/ksdk_armgcc_lib/bm/libksdk_platform.a(fsl_clock_MK64F12.o)
 .text.CLOCK_SYS_GetBusClockFreq
                0x00006154       0x24 C:/ProgramData/MATLAB/SupportPackages/R2022a/toolbox/target/supportpackages/freedomk64f/src/ksdk_armgcc_lib/bm/libksdk_platform.a(fsl_clock_MK64F12.o)
                0x00006154                CLOCK_SYS_GetBusClockFreq
 .text.CLOCK_SYS_GetFtmExternalFreq
                0x00006178       0x20 C:/ProgramData/MATLAB/SupportPackages/R2022a/toolbox/target/supportpackages/freedomk64f/src/ksdk_armgcc_lib/bm/libksdk_platform.a(fsl_clock_MK64F12.o)
                0x00006178                CLOCK_SYS_GetFtmExternalFreq
 .text.CLOCK_SYS_EnablePortClock
                0x00006198       0x30 C:/ProgramData/MATLAB/SupportPackages/R2022a/toolbox/target/supportpackages/freedomk64f/src/ksdk_armgcc_lib/bm/libksdk_platform.a(fsl_clock_MK64F12.o)
                0x00006198                CLOCK_SYS_EnablePortClock
 .text.CLOCK_SYS_EnableFtmClock
                0x000061c8       0x30 C:/ProgramData/MATLAB/SupportPackages/R2022a/toolbox/target/supportpackages/freedomk64f/src/ksdk_armgcc_lib/bm/libksdk_platform.a(fsl_clock_MK64F12.o)
                0x000061c8                CLOCK_SYS_EnableFtmClock
 .text.INT_SYS_EnableIRQGlobal
                0x000061f8       0x14 C:/ProgramData/MATLAB/SupportPackages/R2022a/toolbox/target/supportpackages/freedomk64f/src/ksdk_armgcc_lib/bm/libksdk_platform.a(fsl_interrupt_manager.o)
                0x000061f8                INT_SYS_EnableIRQGlobal
 .text.INT_SYS_DisableIRQGlobal
                0x0000620c       0x10 C:/ProgramData/MATLAB/SupportPackages/R2022a/toolbox/target/supportpackages/freedomk64f/src/ksdk_armgcc_lib/bm/libksdk_platform.a(fsl_interrupt_manager.o)
                0x0000620c                INT_SYS_DisableIRQGlobal
 .text.EDMA_DRV_IRQHandler
                0x0000621c       0x30 C:/ProgramData/MATLAB/SupportPackages/R2022a/toolbox/target/supportpackages/freedomk64f/src/ksdk_armgcc_lib/bm/libksdk_platform.a(fsl_edma_driver.o)
                0x0000621c                EDMA_DRV_IRQHandler
 .text.EDMA_DRV_ErrorIRQHandler
                0x0000624c       0x8c C:/ProgramData/MATLAB/SupportPackages/R2022a/toolbox/target/supportpackages/freedomk64f/src/ksdk_armgcc_lib/bm/libksdk_platform.a(fsl_edma_driver.o)
                0x0000624c                EDMA_DRV_ErrorIRQHandler
 .text.FTM_HAL_SetClockSource
                0x000062d8       0x12 C:/ProgramData/MATLAB/SupportPackages/R2022a/toolbox/target/supportpackages/freedomk64f/src/ksdk_armgcc_lib/bm/libksdk_platform.a(fsl_ftm_driver.o)
 *fill*         0x000062ea        0x2 
 .text.FTM_HAL_SetChnCountVal.part.0
                0x000062ec       0x1c C:/ProgramData/MATLAB/SupportPackages/R2022a/toolbox/target/supportpackages/freedomk64f/src/ksdk_armgcc_lib/bm/libksdk_platform.a(fsl_ftm_driver.o)
 .text.FTM_DRV_Init
                0x00006308      0x10c C:/ProgramData/MATLAB/SupportPackages/R2022a/toolbox/target/supportpackages/freedomk64f/src/ksdk_armgcc_lib/bm/libksdk_platform.a(fsl_ftm_driver.o)
                0x00006308                FTM_DRV_Init
 .text.FTM_DRV_SetClock
                0x00006414       0x54 C:/ProgramData/MATLAB/SupportPackages/R2022a/toolbox/target/supportpackages/freedomk64f/src/ksdk_armgcc_lib/bm/libksdk_platform.a(fsl_ftm_driver.o)
                0x00006414                FTM_DRV_SetClock
 .text.FTM_DRV_GetClock
                0x00006468       0x68 C:/ProgramData/MATLAB/SupportPackages/R2022a/toolbox/target/supportpackages/freedomk64f/src/ksdk_armgcc_lib/bm/libksdk_platform.a(fsl_ftm_driver.o)
                0x00006468                FTM_DRV_GetClock
 .text.FTM_DRV_PwmStart
                0x000064d0      0x1cc C:/ProgramData/MATLAB/SupportPackages/R2022a/toolbox/target/supportpackages/freedomk64f/src/ksdk_armgcc_lib/bm/libksdk_platform.a(fsl_ftm_driver.o)
                0x000064d0                FTM_DRV_PwmStart
 .text.PORT_HAL_SetMuxMode.part.0
                0x0000669c       0x1c C:/ProgramData/MATLAB/SupportPackages/R2022a/toolbox/target/supportpackages/freedomk64f/src/ksdk_armgcc_lib/bm/libksdk_platform.a(fsl_gpio_driver.o)
 .text.GPIO_DRV_InputPinInit
                0x000066b8       0xe4 C:/ProgramData/MATLAB/SupportPackages/R2022a/toolbox/target/supportpackages/freedomk64f/src/ksdk_armgcc_lib/bm/libksdk_platform.a(fsl_gpio_driver.o)
                0x000066b8                GPIO_DRV_InputPinInit
 .text.GPIO_DRV_OutputPinInit
                0x0000679c       0x78 C:/ProgramData/MATLAB/SupportPackages/R2022a/toolbox/target/supportpackages/freedomk64f/src/ksdk_armgcc_lib/bm/libksdk_platform.a(fsl_gpio_driver.o)
                0x0000679c                GPIO_DRV_OutputPinInit
 .text.GPIO_DRV_WritePinOutput
                0x00006814       0x1c C:/ProgramData/MATLAB/SupportPackages/R2022a/toolbox/target/supportpackages/freedomk64f/src/ksdk_armgcc_lib/bm/libksdk_platform.a(fsl_gpio_driver.o)
                0x00006814                GPIO_DRV_WritePinOutput
 .text.GPIO_DRV_ReadPinInput
                0x00006830       0x3c C:/ProgramData/MATLAB/SupportPackages/R2022a/toolbox/target/supportpackages/freedomk64f/src/ksdk_armgcc_lib/bm/libksdk_platform.a(fsl_gpio_driver.o)
                0x00006830                GPIO_DRV_ReadPinInput
 .text.LPTMR_HAL_SetTimerWorkingMode
                0x0000686c       0x3c C:/ProgramData/MATLAB/SupportPackages/R2022a/toolbox/target/supportpackages/freedomk64f/src/ksdk_armgcc_lib/bm/libksdk_platform.a(fsl_lptmr_hal.o)
                0x0000686c                LPTMR_HAL_SetTimerWorkingMode
 .text.LPTMR_HAL_SetPrescalerMode
                0x000068a8       0x1c C:/ProgramData/MATLAB/SupportPackages/R2022a/toolbox/target/supportpackages/freedomk64f/src/ksdk_armgcc_lib/bm/libksdk_platform.a(fsl_lptmr_hal.o)
                0x000068a8                LPTMR_HAL_SetPrescalerMode
 .text.CLOCK_HAL_TestOscFreq
                0x000068c4       0x28 C:/ProgramData/MATLAB/SupportPackages/R2022a/toolbox/target/supportpackages/freedomk64f/src/ksdk_armgcc_lib/bm/libksdk_platform.a(fsl_mcg_hal.o)
                0x000068c4                CLOCK_HAL_TestOscFreq
 .text.CLOCK_HAL_GetMcgExternalClkFreq
                0x000068ec        0xa C:/ProgramData/MATLAB/SupportPackages/R2022a/toolbox/target/supportpackages/freedomk64f/src/ksdk_armgcc_lib/bm/libksdk_platform.a(fsl_mcg_hal.o)
 .text.CLOCK_HAL_TestFllExternalRefFreq
                0x000068f6       0x2c C:/ProgramData/MATLAB/SupportPackages/R2022a/toolbox/target/supportpackages/freedomk64f/src/ksdk_armgcc_lib/bm/libksdk_platform.a(fsl_mcg_hal.o)
                0x000068f6                CLOCK_HAL_TestFllExternalRefFreq
 *fill*         0x00006922        0x2 
 .text.CLOCK_HAL_GetFllRefClk
                0x00006924       0x40 C:/ProgramData/MATLAB/SupportPackages/R2022a/toolbox/target/supportpackages/freedomk64f/src/ksdk_armgcc_lib/bm/libksdk_platform.a(fsl_mcg_hal.o)
                0x00006924                CLOCK_HAL_GetFllRefClk
 .text.CLOCK_HAL_TestFllFreq
                0x00006964       0x34 C:/ProgramData/MATLAB/SupportPackages/R2022a/toolbox/target/supportpackages/freedomk64f/src/ksdk_armgcc_lib/bm/libksdk_platform.a(fsl_mcg_hal.o)
                0x00006964                CLOCK_HAL_TestFllFreq
 .text.CLOCK_HAL_GetFllClk
                0x00006998       0x3c C:/ProgramData/MATLAB/SupportPackages/R2022a/toolbox/target/supportpackages/freedomk64f/src/ksdk_armgcc_lib/bm/libksdk_platform.a(fsl_mcg_hal.o)
                0x00006998                CLOCK_HAL_GetFllClk
 .text.CLOCK_HAL_UpdateFastClkInternalRefDiv
                0x000069d4       0x58 C:/ProgramData/MATLAB/SupportPackages/R2022a/toolbox/target/supportpackages/freedomk64f/src/ksdk_armgcc_lib/bm/libksdk_platform.a(fsl_mcg_hal.o)
                0x000069d4                CLOCK_HAL_UpdateFastClkInternalRefDiv
 .text.CLOCK_HAL_GetPll0Clk
                0x00006a2c       0x48 C:/ProgramData/MATLAB/SupportPackages/R2022a/toolbox/target/supportpackages/freedomk64f/src/ksdk_armgcc_lib/bm/libksdk_platform.a(fsl_mcg_hal.o)
                0x00006a2c                CLOCK_HAL_GetPll0Clk
 .text.CLOCK_HAL_EnablePll0InFllMode
                0x00006a74       0x38 C:/ProgramData/MATLAB/SupportPackages/R2022a/toolbox/target/supportpackages/freedomk64f/src/ksdk_armgcc_lib/bm/libksdk_platform.a(fsl_mcg_hal.o)
                0x00006a74                CLOCK_HAL_EnablePll0InFllMode
 .text.CLOCK_HAL_GetInternalRefClk
                0x00006aac       0x40 C:/ProgramData/MATLAB/SupportPackages/R2022a/toolbox/target/supportpackages/freedomk64f/src/ksdk_armgcc_lib/bm/libksdk_platform.a(fsl_mcg_hal.o)
                0x00006aac                CLOCK_HAL_GetInternalRefClk
 .text.CLOCK_HAL_GetOutClk
                0x00006aec       0x22 C:/ProgramData/MATLAB/SupportPackages/R2022a/toolbox/target/supportpackages/freedomk64f/src/ksdk_armgcc_lib/bm/libksdk_platform.a(fsl_mcg_hal.o)
                0x00006aec                CLOCK_HAL_GetOutClk
 .text.CLOCK_HAL_GetFixedFreqClk
                0x00006b0e       0x20 C:/ProgramData/MATLAB/SupportPackages/R2022a/toolbox/target/supportpackages/freedomk64f/src/ksdk_armgcc_lib/bm/libksdk_platform.a(fsl_mcg_hal.o)
                0x00006b0e                CLOCK_HAL_GetFixedFreqClk
 .text.CLOCK_HAL_SetOsc0Mode
                0x00006b2e       0x24 C:/ProgramData/MATLAB/SupportPackages/R2022a/toolbox/target/supportpackages/freedomk64f/src/ksdk_armgcc_lib/bm/libksdk_platform.a(fsl_mcg_hal.o)
                0x00006b2e                CLOCK_HAL_SetOsc0Mode
 *fill*         0x00006b52        0x2 
 .text.CLOCK_HAL_PrepareOsc
                0x00006b54       0x30 C:/ProgramData/MATLAB/SupportPackages/R2022a/toolbox/target/supportpackages/freedomk64f/src/ksdk_armgcc_lib/bm/libksdk_platform.a(fsl_mcg_hal_modes.o)
 .text.CLOCK_HAL_GetMcgMode
                0x00006b84       0x7c C:/ProgramData/MATLAB/SupportPackages/R2022a/toolbox/target/supportpackages/freedomk64f/src/ksdk_armgcc_lib/bm/libksdk_platform.a(fsl_mcg_hal_modes.o)
                0x00006b84                CLOCK_HAL_GetMcgMode
 .text.CLOCK_HAL_SetFbiMode
                0x00006c00       0xc0 C:/ProgramData/MATLAB/SupportPackages/R2022a/toolbox/target/supportpackages/freedomk64f/src/ksdk_armgcc_lib/bm/libksdk_platform.a(fsl_mcg_hal_modes.o)
                0x00006c00                CLOCK_HAL_SetFbiMode
 .text.CLOCK_HAL_SetFbeMode
                0x00006cc0       0xf0 C:/ProgramData/MATLAB/SupportPackages/R2022a/toolbox/target/supportpackages/freedomk64f/src/ksdk_armgcc_lib/bm/libksdk_platform.a(fsl_mcg_hal_modes.o)
                0x00006cc0                CLOCK_HAL_SetFbeMode
 .text.CLOCK_HAL_SetPbeMode
                0x00006db0       0xd8 C:/ProgramData/MATLAB/SupportPackages/R2022a/toolbox/target/supportpackages/freedomk64f/src/ksdk_armgcc_lib/bm/libksdk_platform.a(fsl_mcg_hal_modes.o)
                0x00006db0                CLOCK_HAL_SetPbeMode
 .text.OSC_HAL_SetCapacitor
                0x00006e88        0xe C:/ProgramData/MATLAB/SupportPackages/R2022a/toolbox/target/supportpackages/freedomk64f/src/ksdk_armgcc_lib/bm/libksdk_platform.a(fsl_osc_hal.o)
                0x00006e88                OSC_HAL_SetCapacitor
 .text.CLOCK_HAL_SetOutDiv
                0x00006e96       0x28 C:/ProgramData/MATLAB/SupportPackages/R2022a/toolbox/target/supportpackages/freedomk64f/src/ksdk_armgcc_lib/bm/libksdk_platform.a(fsl_sim_hal_MK64F12.o)
                0x00006e96                CLOCK_HAL_SetOutDiv
 *fill*         0x00006ebe        0x2 
 .text.SIM_HAL_GetFtmExternalClkPinMode
                0x00006ec0       0x70 C:/ProgramData/MATLAB/SupportPackages/R2022a/toolbox/target/supportpackages/freedomk64f/src/ksdk_armgcc_lib/bm/libksdk_platform.a(fsl_sim_hal_MK64F12.o)
                0x00006ec0                SIM_HAL_GetFtmExternalClkPinMode
 .text.UART_DRV_CompleteSendData
                0x00006f30       0x54 C:/ProgramData/MATLAB/SupportPackages/R2022a/toolbox/target/supportpackages/freedomk64f/src/ksdk_armgcc_lib/bm/libksdk_platform.a(fsl_uart_driver.o)
 .text.UART_DRV_CompleteReceiveData
                0x00006f84       0x5c C:/ProgramData/MATLAB/SupportPackages/R2022a/toolbox/target/supportpackages/freedomk64f/src/ksdk_armgcc_lib/bm/libksdk_platform.a(fsl_uart_driver.o)
 .text.UART_DRV_IRQHandler
                0x00006fe0       0xdc C:/ProgramData/MATLAB/SupportPackages/R2022a/toolbox/target/supportpackages/freedomk64f/src/ksdk_armgcc_lib/bm/libksdk_platform.a(fsl_uart_driver.o)
                0x00006fe0                UART_DRV_IRQHandler
 .text.EDMA_HAL_SetDmaRequestCmd
                0x000070bc        0xa C:/ProgramData/MATLAB/SupportPackages/R2022a/toolbox/target/supportpackages/freedomk64f/src/ksdk_armgcc_lib/bm/libksdk_platform.a(fsl_edma_hal.o)
                0x000070bc                EDMA_HAL_SetDmaRequestCmd
 *fill*         0x000070c6        0x2 
 .text.FTM_HAL_SetChnEdgeLevel.part.0
                0x000070c8       0x1c C:/ProgramData/MATLAB/SupportPackages/R2022a/toolbox/target/supportpackages/freedomk64f/src/ksdk_armgcc_lib/bm/libksdk_platform.a(fsl_ftm_hal.o)
 .text.FTM_HAL_Init
                0x000070e4       0x3c C:/ProgramData/MATLAB/SupportPackages/R2022a/toolbox/target/supportpackages/freedomk64f/src/ksdk_armgcc_lib/bm/libksdk_platform.a(fsl_ftm_hal.o)
                0x000070e4                FTM_HAL_Init
 .text.FTM_HAL_SetSyncMode
                0x00007120       0x98 C:/ProgramData/MATLAB/SupportPackages/R2022a/toolbox/target/supportpackages/freedomk64f/src/ksdk_armgcc_lib/bm/libksdk_platform.a(fsl_ftm_hal.o)
                0x00007120                FTM_HAL_SetSyncMode
 .text.FTM_HAL_Reset
                0x000071b8       0x3e C:/ProgramData/MATLAB/SupportPackages/R2022a/toolbox/target/supportpackages/freedomk64f/src/ksdk_armgcc_lib/bm/libksdk_platform.a(fsl_ftm_hal.o)
                0x000071b8                FTM_HAL_Reset
 .text.FTM_HAL_GetChnPairIndex
                0x000071f6       0x1e C:/ProgramData/MATLAB/SupportPackages/R2022a/toolbox/target/supportpackages/freedomk64f/src/ksdk_armgcc_lib/bm/libksdk_platform.a(fsl_ftm_hal.o)
                0x000071f6                FTM_HAL_GetChnPairIndex
 .text.FTM_HAL_EnablePwmMode
                0x00007214       0xd8 C:/ProgramData/MATLAB/SupportPackages/R2022a/toolbox/target/supportpackages/freedomk64f/src/ksdk_armgcc_lib/bm/libksdk_platform.a(fsl_ftm_hal.o)
                0x00007214                FTM_HAL_EnablePwmMode
 .text.GPIO_HAL_SetPinDir
                0x000072ec       0x34 C:/ProgramData/MATLAB/SupportPackages/R2022a/toolbox/target/supportpackages/freedomk64f/src/ksdk_armgcc_lib/bm/libksdk_platform.a(fsl_gpio_hal.o)
                0x000072ec                GPIO_HAL_SetPinDir
 .text.GPIO_HAL_WritePinOutput
                0x00007320       0x30 C:/ProgramData/MATLAB/SupportPackages/R2022a/toolbox/target/supportpackages/freedomk64f/src/ksdk_armgcc_lib/bm/libksdk_platform.a(fsl_gpio_hal.o)
                0x00007320                GPIO_HAL_WritePinOutput
 .text.UART_HAL_Putchar
                0x00007350        0x6 C:/ProgramData/MATLAB/SupportPackages/R2022a/toolbox/target/supportpackages/freedomk64f/src/ksdk_armgcc_lib/bm/libksdk_platform.a(fsl_uart_hal.o)
                0x00007350                UART_HAL_Putchar
 .text.UART_HAL_Getchar
                0x00007356        0x8 C:/ProgramData/MATLAB/SupportPackages/R2022a/toolbox/target/supportpackages/freedomk64f/src/ksdk_armgcc_lib/bm/libksdk_platform.a(fsl_uart_hal.o)
                0x00007356                UART_HAL_Getchar
 .text.UART_HAL_SetIntMode
                0x0000735e       0x66 C:/ProgramData/MATLAB/SupportPackages/R2022a/toolbox/target/supportpackages/freedomk64f/src/ksdk_armgcc_lib/bm/libksdk_platform.a(fsl_uart_hal.o)
                0x0000735e                UART_HAL_SetIntMode
 .text.UART_HAL_GetStatusFlag
                0x000073c4       0x30 C:/ProgramData/MATLAB/SupportPackages/R2022a/toolbox/target/supportpackages/freedomk64f/src/ksdk_armgcc_lib/bm/libksdk_platform.a(fsl_uart_hal.o)
                0x000073c4                UART_HAL_GetStatusFlag
 .text.UART_HAL_ClearStatusFlag
                0x000073f4       0x7a C:/ProgramData/MATLAB/SupportPackages/R2022a/toolbox/target/supportpackages/freedomk64f/src/ksdk_armgcc_lib/bm/libksdk_platform.a(fsl_uart_hal.o)
                0x000073f4                UART_HAL_ClearStatusFlag
 *fill*         0x0000746e        0x2 
 .text.ceil     0x00007470      0x100 c:/progra~3/matlab/suppor~1/r2022a/3p778c~1.ins/gnuarm~1.ins/win/bin/../lib/gcc/arm-none-eabi/9.3.1/../../../../arm-none-eabi/lib/thumb/v7e-m+fp/hard\libm.a(lib_a-s_ceil.o)
                0x00007470                ceil
 .text.abort    0x00007570       0x10 c:/progra~3/matlab/suppor~1/r2022a/3p778c~1.ins/gnuarm~1.ins/win/bin/../lib/gcc/arm-none-eabi/9.3.1/../../../../arm-none-eabi/lib/thumb/v7e-m+fp/hard\libg.a(lib_a-abort.o)
                0x00007570                abort
 .text.__assert_func
                0x00007580       0x3c c:/progra~3/matlab/suppor~1/r2022a/3p778c~1.ins/gnuarm~1.ins/win/bin/../lib/gcc/arm-none-eabi/9.3.1/../../../../arm-none-eabi/lib/thumb/v7e-m+fp/hard\libg.a(lib_a-assert.o)
                0x00007580                __assert_func
 .text.atexit   0x000075bc        0xc c:/progra~3/matlab/suppor~1/r2022a/3p778c~1.ins/gnuarm~1.ins/win/bin/../lib/gcc/arm-none-eabi/9.3.1/../../../../arm-none-eabi/lib/thumb/v7e-m+fp/hard\libg.a(lib_a-atexit.o)
                0x000075bc                atexit
 .text.__errno  0x000075c8        0xc c:/progra~3/matlab/suppor~1/r2022a/3p778c~1.ins/gnuarm~1.ins/win/bin/../lib/gcc/arm-none-eabi/9.3.1/../../../../arm-none-eabi/lib/thumb/v7e-m+fp/hard\libg.a(lib_a-errno.o)
                0x000075c8                __errno
 .text.exit     0x000075d4       0x20 c:/progra~3/matlab/suppor~1/r2022a/3p778c~1.ins/gnuarm~1.ins/win/bin/../lib/gcc/arm-none-eabi/9.3.1/../../../../arm-none-eabi/lib/thumb/v7e-m+fp/hard\libg.a(lib_a-exit.o)
                0x000075d4                exit
 .text.__libc_fini_array
                0x000075f4       0x2c c:/progra~3/matlab/suppor~1/r2022a/3p778c~1.ins/gnuarm~1.ins/win/bin/../lib/gcc/arm-none-eabi/9.3.1/../../../../arm-none-eabi/lib/thumb/v7e-m+fp/hard\libg.a(lib_a-fini.o)
                0x000075f4                __libc_fini_array
 .text.fiprintf
                0x00007620       0x28 c:/progra~3/matlab/suppor~1/r2022a/3p778c~1.ins/gnuarm~1.ins/win/bin/../lib/gcc/arm-none-eabi/9.3.1/../../../../arm-none-eabi/lib/thumb/v7e-m+fp/hard\libg.a(lib_a-fiprintf.o)
                0x00007620                fiprintf
 .text.__libc_init_array
                0x00007648       0x48 c:/progra~3/matlab/suppor~1/r2022a/3p778c~1.ins/gnuarm~1.ins/win/bin/../lib/gcc/arm-none-eabi/9.3.1/../../../../arm-none-eabi/lib/thumb/v7e-m+fp/hard\libg.a(lib_a-init.o)
                0x00007648                __libc_init_array
 .text._malloc_r
                0x00007690      0x574 c:/progra~3/matlab/suppor~1/r2022a/3p778c~1.ins/gnuarm~1.ins/win/bin/../lib/gcc/arm-none-eabi/9.3.1/../../../../arm-none-eabi/lib/thumb/v7e-m+fp/hard\libg.a(lib_a-mallocr.o)
                0x00007690                _malloc_r
 .text.memset   0x00007c04       0xa0 c:/progra~3/matlab/suppor~1/r2022a/3p778c~1.ins/gnuarm~1.ins/win/bin/../lib/gcc/arm-none-eabi/9.3.1/../../../../arm-none-eabi/lib/thumb/v7e-m+fp/hard\libg.a(lib_a-memset.o)
                0x00007c04                memset
 .text.__malloc_lock
                0x00007ca4        0xc c:/progra~3/matlab/suppor~1/r2022a/3p778c~1.ins/gnuarm~1.ins/win/bin/../lib/gcc/arm-none-eabi/9.3.1/../../../../arm-none-eabi/lib/thumb/v7e-m+fp/hard\libg.a(lib_a-mlock.o)
                0x00007ca4                __malloc_lock
 .text.__malloc_unlock
                0x00007cb0        0xc c:/progra~3/matlab/suppor~1/r2022a/3p778c~1.ins/gnuarm~1.ins/win/bin/../lib/gcc/arm-none-eabi/9.3.1/../../../../arm-none-eabi/lib/thumb/v7e-m+fp/hard\libg.a(lib_a-mlock.o)
                0x00007cb0                __malloc_unlock
 .text._sbrk_r  0x00007cbc       0x24 c:/progra~3/matlab/suppor~1/r2022a/3p778c~1.ins/gnuarm~1.ins/win/bin/../lib/gcc/arm-none-eabi/9.3.1/../../../../arm-none-eabi/lib/thumb/v7e-m+fp/hard\libg.a(lib_a-sbrkr.o)
                0x00007cbc                _sbrk_r
 .text._raise_r
                0x00007ce0       0x58 c:/progra~3/matlab/suppor~1/r2022a/3p778c~1.ins/gnuarm~1.ins/win/bin/../lib/gcc/arm-none-eabi/9.3.1/../../../../arm-none-eabi/lib/thumb/v7e-m+fp/hard\libg.a(lib_a-signal.o)
                0x00007ce0                _raise_r
 .text.raise    0x00007d38       0x10 c:/progra~3/matlab/suppor~1/r2022a/3p778c~1.ins/gnuarm~1.ins/win/bin/../lib/gcc/arm-none-eabi/9.3.1/../../../../arm-none-eabi/lib/thumb/v7e-m+fp/hard\libg.a(lib_a-signal.o)
                0x00007d38                raise
 .text._kill_r  0x00007d48       0x2c c:/progra~3/matlab/suppor~1/r2022a/3p778c~1.ins/gnuarm~1.ins/win/bin/../lib/gcc/arm-none-eabi/9.3.1/../../../../arm-none-eabi/lib/thumb/v7e-m+fp/hard\libg.a(lib_a-signalr.o)
                0x00007d48                _kill_r
 .text._getpid_r
                0x00007d74        0x4 c:/progra~3/matlab/suppor~1/r2022a/3p778c~1.ins/gnuarm~1.ins/win/bin/../lib/gcc/arm-none-eabi/9.3.1/../../../../arm-none-eabi/lib/thumb/v7e-m+fp/hard\libg.a(lib_a-signalr.o)
                0x00007d74                _getpid_r
 .text.__sprint_r.part.0
                0x00007d78       0x78 c:/progra~3/matlab/suppor~1/r2022a/3p778c~1.ins/gnuarm~1.ins/win/bin/../lib/gcc/arm-none-eabi/9.3.1/../../../../arm-none-eabi/lib/thumb/v7e-m+fp/hard\libg.a(lib_a-vfiprintf.o)
 .text._vfiprintf_r
                0x00007df0      0xd4c c:/progra~3/matlab/suppor~1/r2022a/3p778c~1.ins/gnuarm~1.ins/win/bin/../lib/gcc/arm-none-eabi/9.3.1/../../../../arm-none-eabi/lib/thumb/v7e-m+fp/hard\libg.a(lib_a-vfiprintf.o)
                0x00007df0                _vfiprintf_r
 .text.__sbprintf
                0x00008b3c       0x84 c:/progra~3/matlab/suppor~1/r2022a/3p778c~1.ins/gnuarm~1.ins/win/bin/../lib/gcc/arm-none-eabi/9.3.1/../../../../arm-none-eabi/lib/thumb/v7e-m+fp/hard\libg.a(lib_a-vfiprintf.o)
 .text.__swsetup_r
                0x00008bc0       0xd0 c:/progra~3/matlab/suppor~1/r2022a/3p778c~1.ins/gnuarm~1.ins/win/bin/../lib/gcc/arm-none-eabi/9.3.1/../../../../arm-none-eabi/lib/thumb/v7e-m+fp/hard\libg.a(lib_a-wsetup.o)
                0x00008bc0                __swsetup_r
 .text.__register_exitproc
                0x00008c90       0x8c c:/progra~3/matlab/suppor~1/r2022a/3p778c~1.ins/gnuarm~1.ins/win/bin/../lib/gcc/arm-none-eabi/9.3.1/../../../../arm-none-eabi/lib/thumb/v7e-m+fp/hard\libg.a(lib_a-__atexit.o)
                0x00008c90                __register_exitproc
 .text.startup.register_fini
                0x00008d1c       0x14 c:/progra~3/matlab/suppor~1/r2022a/3p778c~1.ins/gnuarm~1.ins/win/bin/../lib/gcc/arm-none-eabi/9.3.1/../../../../arm-none-eabi/lib/thumb/v7e-m+fp/hard\libg.a(lib_a-__call_atexit.o)
 .text.__call_exitprocs
                0x00008d30       0xcc c:/progra~3/matlab/suppor~1/r2022a/3p778c~1.ins/gnuarm~1.ins/win/bin/../lib/gcc/arm-none-eabi/9.3.1/../../../../arm-none-eabi/lib/thumb/v7e-m+fp/hard\libg.a(lib_a-__call_atexit.o)
                0x00008d30                __call_exitprocs
 .text.__sflush_r
                0x00008dfc      0x130 c:/progra~3/matlab/suppor~1/r2022a/3p778c~1.ins/gnuarm~1.ins/win/bin/../lib/gcc/arm-none-eabi/9.3.1/../../../../arm-none-eabi/lib/thumb/v7e-m+fp/hard\libg.a(lib_a-fflush.o)
                0x00008dfc                __sflush_r
 .text._fflush_r
                0x00008f2c       0x5c c:/progra~3/matlab/suppor~1/r2022a/3p778c~1.ins/gnuarm~1.ins/win/bin/../lib/gcc/arm-none-eabi/9.3.1/../../../../arm-none-eabi/lib/thumb/v7e-m+fp/hard\libg.a(lib_a-fflush.o)
                0x00008f2c                _fflush_r
 .text.std      0x00008f88       0x50 c:/progra~3/matlab/suppor~1/r2022a/3p778c~1.ins/gnuarm~1.ins/win/bin/../lib/gcc/arm-none-eabi/9.3.1/../../../../arm-none-eabi/lib/thumb/v7e-m+fp/hard\libg.a(lib_a-findfp.o)
 .text._cleanup_r
                0x00008fd8        0xc c:/progra~3/matlab/suppor~1/r2022a/3p778c~1.ins/gnuarm~1.ins/win/bin/../lib/gcc/arm-none-eabi/9.3.1/../../../../arm-none-eabi/lib/thumb/v7e-m+fp/hard\libg.a(lib_a-findfp.o)
                0x00008fd8                _cleanup_r
 .text.__sinit  0x00008fe4       0x54 c:/progra~3/matlab/suppor~1/r2022a/3p778c~1.ins/gnuarm~1.ins/win/bin/../lib/gcc/arm-none-eabi/9.3.1/../../../../arm-none-eabi/lib/thumb/v7e-m+fp/hard\libg.a(lib_a-findfp.o)
                0x00008fe4                __sinit
 .text.__sfp_lock_acquire
                0x00009038        0xc c:/progra~3/matlab/suppor~1/r2022a/3p778c~1.ins/gnuarm~1.ins/win/bin/../lib/gcc/arm-none-eabi/9.3.1/../../../../arm-none-eabi/lib/thumb/v7e-m+fp/hard\libg.a(lib_a-findfp.o)
                0x00009038                __sfp_lock_acquire
 .text.__sfp_lock_release
                0x00009044        0xc c:/progra~3/matlab/suppor~1/r2022a/3p778c~1.ins/gnuarm~1.ins/win/bin/../lib/gcc/arm-none-eabi/9.3.1/../../../../arm-none-eabi/lib/thumb/v7e-m+fp/hard\libg.a(lib_a-findfp.o)
                0x00009044                __sfp_lock_release
 .text.__fputwc
                0x00009050       0xa8 c:/progra~3/matlab/suppor~1/r2022a/3p778c~1.ins/gnuarm~1.ins/win/bin/../lib/gcc/arm-none-eabi/9.3.1/../../../../arm-none-eabi/lib/thumb/v7e-m+fp/hard\libg.a(lib_a-fputwc.o)
                0x00009050                __fputwc
 .text._fputwc_r
                0x000090f8       0x68 c:/progra~3/matlab/suppor~1/r2022a/3p778c~1.ins/gnuarm~1.ins/win/bin/../lib/gcc/arm-none-eabi/9.3.1/../../../../arm-none-eabi/lib/thumb/v7e-m+fp/hard\libg.a(lib_a-fputwc.o)
                0x000090f8                _fputwc_r
 .text._malloc_trim_r
                0x00009160       0xa0 c:/progra~3/matlab/suppor~1/r2022a/3p778c~1.ins/gnuarm~1.ins/win/bin/../lib/gcc/arm-none-eabi/9.3.1/../../../../arm-none-eabi/lib/thumb/v7e-m+fp/hard\libg.a(lib_a-freer.o)
                0x00009160                _malloc_trim_r
 .text._free_r  0x00009200      0x208 c:/progra~3/matlab/suppor~1/r2022a/3p778c~1.ins/gnuarm~1.ins/win/bin/../lib/gcc/arm-none-eabi/9.3.1/../../../../arm-none-eabi/lib/thumb/v7e-m+fp/hard\libg.a(lib_a-freer.o)
                0x00009200                _free_r
 .text.__sfvwrite_r
                0x00009408      0x2e0 c:/progra~3/matlab/suppor~1/r2022a/3p778c~1.ins/gnuarm~1.ins/win/bin/../lib/gcc/arm-none-eabi/9.3.1/../../../../arm-none-eabi/lib/thumb/v7e-m+fp/hard\libg.a(lib_a-fvwrite.o)
                0x00009408                __sfvwrite_r
 .text._fwalk_reent
                0x000096e8       0x48 c:/progra~3/matlab/suppor~1/r2022a/3p778c~1.ins/gnuarm~1.ins/win/bin/../lib/gcc/arm-none-eabi/9.3.1/../../../../arm-none-eabi/lib/thumb/v7e-m+fp/hard\libg.a(lib_a-fwalk.o)
                0x000096e8                _fwalk_reent
 .text.__locale_mb_cur_max
                0x00009730        0xc c:/progra~3/matlab/suppor~1/r2022a/3p778c~1.ins/gnuarm~1.ins/win/bin/../lib/gcc/arm-none-eabi/9.3.1/../../../../arm-none-eabi/lib/thumb/v7e-m+fp/hard\libg.a(lib_a-locale.o)
                0x00009730                __locale_mb_cur_max
 .text._localeconv_r
                0x0000973c        0x8 c:/progra~3/matlab/suppor~1/r2022a/3p778c~1.ins/gnuarm~1.ins/win/bin/../lib/gcc/arm-none-eabi/9.3.1/../../../../arm-none-eabi/lib/thumb/v7e-m+fp/hard\libg.a(lib_a-localeconv.o)
                0x0000973c                _localeconv_r
 .text.__retarget_lock_init_recursive
                0x00009744        0x4 c:/progra~3/matlab/suppor~1/r2022a/3p778c~1.ins/gnuarm~1.ins/win/bin/../lib/gcc/arm-none-eabi/9.3.1/../../../../arm-none-eabi/lib/thumb/v7e-m+fp/hard\libg.a(lib_a-lock.o)
                0x00009744                __retarget_lock_init_recursive
 .text.__retarget_lock_close_recursive
                0x00009748        0x4 c:/progra~3/matlab/suppor~1/r2022a/3p778c~1.ins/gnuarm~1.ins/win/bin/../lib/gcc/arm-none-eabi/9.3.1/../../../../arm-none-eabi/lib/thumb/v7e-m+fp/hard\libg.a(lib_a-lock.o)
                0x00009748                __retarget_lock_close_recursive
 .text.__retarget_lock_acquire_recursive
                0x0000974c        0x4 c:/progra~3/matlab/suppor~1/r2022a/3p778c~1.ins/gnuarm~1.ins/win/bin/../lib/gcc/arm-none-eabi/9.3.1/../../../../arm-none-eabi/lib/thumb/v7e-m+fp/hard\libg.a(lib_a-lock.o)
                0x0000974c                __retarget_lock_acquire_recursive
 .text.__retarget_lock_release_recursive
                0x00009750        0x4 c:/progra~3/matlab/suppor~1/r2022a/3p778c~1.ins/gnuarm~1.ins/win/bin/../lib/gcc/arm-none-eabi/9.3.1/../../../../arm-none-eabi/lib/thumb/v7e-m+fp/hard\libg.a(lib_a-lock.o)
                0x00009750                __retarget_lock_release_recursive
 .text.__swhatbuf_r
                0x00009754       0x5c c:/progra~3/matlab/suppor~1/r2022a/3p778c~1.ins/gnuarm~1.ins/win/bin/../lib/gcc/arm-none-eabi/9.3.1/../../../../arm-none-eabi/lib/thumb/v7e-m+fp/hard\libg.a(lib_a-makebuf.o)
                0x00009754                __swhatbuf_r
 .text.__smakebuf_r
                0x000097b0       0x98 c:/progra~3/matlab/suppor~1/r2022a/3p778c~1.ins/gnuarm~1.ins/win/bin/../lib/gcc/arm-none-eabi/9.3.1/../../../../arm-none-eabi/lib/thumb/v7e-m+fp/hard\libg.a(lib_a-makebuf.o)
                0x000097b0                __smakebuf_r
 .text.__ascii_mbtowc
                0x00009848       0x2c c:/progra~3/matlab/suppor~1/r2022a/3p778c~1.ins/gnuarm~1.ins/win/bin/../lib/gcc/arm-none-eabi/9.3.1/../../../../arm-none-eabi/lib/thumb/v7e-m+fp/hard\libg.a(lib_a-mbtowc_r.o)
                0x00009848                __ascii_mbtowc
 .text.memmove  0x00009874       0xd8 c:/progra~3/matlab/suppor~1/r2022a/3p778c~1.ins/gnuarm~1.ins/win/bin/../lib/gcc/arm-none-eabi/9.3.1/../../../../arm-none-eabi/lib/thumb/v7e-m+fp/hard\libg.a(lib_a-memmove.o)
                0x00009874                memmove
 .text._realloc_r
                0x0000994c      0x3e0 c:/progra~3/matlab/suppor~1/r2022a/3p778c~1.ins/gnuarm~1.ins/win/bin/../lib/gcc/arm-none-eabi/9.3.1/../../../../arm-none-eabi/lib/thumb/v7e-m+fp/hard\libg.a(lib_a-reallocr.o)
                0x0000994c                _realloc_r
 .text.__sread  0x00009d2c       0x24 c:/progra~3/matlab/suppor~1/r2022a/3p778c~1.ins/gnuarm~1.ins/win/bin/../lib/gcc/arm-none-eabi/9.3.1/../../../../arm-none-eabi/lib/thumb/v7e-m+fp/hard\libg.a(lib_a-stdio.o)
                0x00009d2c                __sread
 .text.__swrite
                0x00009d50       0x40 c:/progra~3/matlab/suppor~1/r2022a/3p778c~1.ins/gnuarm~1.ins/win/bin/../lib/gcc/arm-none-eabi/9.3.1/../../../../arm-none-eabi/lib/thumb/v7e-m+fp/hard\libg.a(lib_a-stdio.o)
                0x00009d50                __swrite
 .text.__sseek  0x00009d90       0x20 c:/progra~3/matlab/suppor~1/r2022a/3p778c~1.ins/gnuarm~1.ins/win/bin/../lib/gcc/arm-none-eabi/9.3.1/../../../../arm-none-eabi/lib/thumb/v7e-m+fp/hard\libg.a(lib_a-stdio.o)
                0x00009d90                __sseek
 .text.__sclose
                0x00009db0        0x8 c:/progra~3/matlab/suppor~1/r2022a/3p778c~1.ins/gnuarm~1.ins/win/bin/../lib/gcc/arm-none-eabi/9.3.1/../../../../arm-none-eabi/lib/thumb/v7e-m+fp/hard\libg.a(lib_a-stdio.o)
                0x00009db0                __sclose
 .text.strncpy  0x00009db8       0x68 c:/progra~3/matlab/suppor~1/r2022a/3p778c~1.ins/gnuarm~1.ins/win/bin/../lib/gcc/arm-none-eabi/9.3.1/../../../../arm-none-eabi/lib/thumb/v7e-m+fp/hard\libg.a(lib_a-strncpy.o)
                0x00009db8                strncpy
 .text.__swbuf_r
                0x00009e20       0xb0 c:/progra~3/matlab/suppor~1/r2022a/3p778c~1.ins/gnuarm~1.ins/win/bin/../lib/gcc/arm-none-eabi/9.3.1/../../../../arm-none-eabi/lib/thumb/v7e-m+fp/hard\libg.a(lib_a-wbuf.o)
                0x00009e20                __swbuf_r
 .text._wcrtomb_r
                0x00009ed0       0x3c c:/progra~3/matlab/suppor~1/r2022a/3p778c~1.ins/gnuarm~1.ins/win/bin/../lib/gcc/arm-none-eabi/9.3.1/../../../../arm-none-eabi/lib/thumb/v7e-m+fp/hard\libg.a(lib_a-wcrtomb.o)
                0x00009ed0                _wcrtomb_r
 .text.__ascii_wctomb
                0x00009f0c       0x1c c:/progra~3/matlab/suppor~1/r2022a/3p778c~1.ins/gnuarm~1.ins/win/bin/../lib/gcc/arm-none-eabi/9.3.1/../../../../arm-none-eabi/lib/thumb/v7e-m+fp/hard\libg.a(lib_a-wctomb_r.o)
                0x00009f0c                __ascii_wctomb
 .text._write_r
                0x00009f28       0x2c c:/progra~3/matlab/suppor~1/r2022a/3p778c~1.ins/gnuarm~1.ins/win/bin/../lib/gcc/arm-none-eabi/9.3.1/../../../../arm-none-eabi/lib/thumb/v7e-m+fp/hard\libg.a(lib_a-writer.o)
                0x00009f28                _write_r
 .text._close_r
                0x00009f54       0x24 c:/progra~3/matlab/suppor~1/r2022a/3p778c~1.ins/gnuarm~1.ins/win/bin/../lib/gcc/arm-none-eabi/9.3.1/../../../../arm-none-eabi/lib/thumb/v7e-m+fp/hard\libg.a(lib_a-closer.o)
                0x00009f54                _close_r
 .text._fclose_r
                0x00009f78       0xcc c:/progra~3/matlab/suppor~1/r2022a/3p778c~1.ins/gnuarm~1.ins/win/bin/../lib/gcc/arm-none-eabi/9.3.1/../../../../arm-none-eabi/lib/thumb/v7e-m+fp/hard\libg.a(lib_a-fclose.o)
                0x00009f78                _fclose_r
 .text._fstat_r
                0x0000a044       0x2c c:/progra~3/matlab/suppor~1/r2022a/3p778c~1.ins/gnuarm~1.ins/win/bin/../lib/gcc/arm-none-eabi/9.3.1/../../../../arm-none-eabi/lib/thumb/v7e-m+fp/hard\libg.a(lib_a-fstatr.o)
                0x0000a044                _fstat_r
 .text._isatty_r
                0x0000a070       0x24 c:/progra~3/matlab/suppor~1/r2022a/3p778c~1.ins/gnuarm~1.ins/win/bin/../lib/gcc/arm-none-eabi/9.3.1/../../../../arm-none-eabi/lib/thumb/v7e-m+fp/hard\libg.a(lib_a-isattyr.o)
                0x0000a070                _isatty_r
 .text._lseek_r
                0x0000a094       0x2c c:/progra~3/matlab/suppor~1/r2022a/3p778c~1.ins/gnuarm~1.ins/win/bin/../lib/gcc/arm-none-eabi/9.3.1/../../../../arm-none-eabi/lib/thumb/v7e-m+fp/hard\libg.a(lib_a-lseekr.o)
                0x0000a094                _lseek_r
 .text._read_r  0x0000a0c0       0x2c c:/progra~3/matlab/suppor~1/r2022a/3p778c~1.ins/gnuarm~1.ins/win/bin/../lib/gcc/arm-none-eabi/9.3.1/../../../../arm-none-eabi/lib/thumb/v7e-m+fp/hard\libg.a(lib_a-readr.o)
                0x0000a0c0                _read_r
 .text._close   0x0000a0ec       0x10 c:/progra~3/matlab/suppor~1/r2022a/3p778c~1.ins/gnuarm~1.ins/win/bin/../lib/gcc/arm-none-eabi/9.3.1/../../../../arm-none-eabi/lib/thumb/v7e-m+fp/hard\libnosys.a(close.o)
                0x0000a0ec                _close
 .text._fstat   0x0000a0fc       0x10 c:/progra~3/matlab/suppor~1/r2022a/3p778c~1.ins/gnuarm~1.ins/win/bin/../lib/gcc/arm-none-eabi/9.3.1/../../../../arm-none-eabi/lib/thumb/v7e-m+fp/hard\libnosys.a(fstat.o)
                0x0000a0fc                _fstat
 .text._getpid  0x0000a10c       0x10 c:/progra~3/matlab/suppor~1/r2022a/3p778c~1.ins/gnuarm~1.ins/win/bin/../lib/gcc/arm-none-eabi/9.3.1/../../../../arm-none-eabi/lib/thumb/v7e-m+fp/hard\libnosys.a(getpid.o)
                0x0000a10c                _getpid
 .text._isatty  0x0000a11c       0x10 c:/progra~3/matlab/suppor~1/r2022a/3p778c~1.ins/gnuarm~1.ins/win/bin/../lib/gcc/arm-none-eabi/9.3.1/../../../../arm-none-eabi/lib/thumb/v7e-m+fp/hard\libnosys.a(isatty.o)
                0x0000a11c                _isatty
 .text._kill    0x0000a12c       0x10 c:/progra~3/matlab/suppor~1/r2022a/3p778c~1.ins/gnuarm~1.ins/win/bin/../lib/gcc/arm-none-eabi/9.3.1/../../../../arm-none-eabi/lib/thumb/v7e-m+fp/hard\libnosys.a(kill.o)
                0x0000a12c                _kill
 .text._lseek   0x0000a13c       0x10 c:/progra~3/matlab/suppor~1/r2022a/3p778c~1.ins/gnuarm~1.ins/win/bin/../lib/gcc/arm-none-eabi/9.3.1/../../../../arm-none-eabi/lib/thumb/v7e-m+fp/hard\libnosys.a(lseek.o)
                0x0000a13c                _lseek
 .text._read    0x0000a14c       0x10 c:/progra~3/matlab/suppor~1/r2022a/3p778c~1.ins/gnuarm~1.ins/win/bin/../lib/gcc/arm-none-eabi/9.3.1/../../../../arm-none-eabi/lib/thumb/v7e-m+fp/hard\libnosys.a(read.o)
                0x0000a14c                _read
 .text._write   0x0000a15c       0x10 c:/progra~3/matlab/suppor~1/r2022a/3p778c~1.ins/gnuarm~1.ins/win/bin/../lib/gcc/arm-none-eabi/9.3.1/../../../../arm-none-eabi/lib/thumb/v7e-m+fp/hard\libnosys.a(write.o)
                0x0000a15c                _write
 .text._exit    0x0000a16c        0x4 c:/progra~3/matlab/suppor~1/r2022a/3p778c~1.ins/gnuarm~1.ins/win/bin/../lib/gcc/arm-none-eabi/9.3.1/../../../../arm-none-eabi/lib/thumb/v7e-m+fp/hard\libnosys.a(_exit.o)
                0x0000a16c                _exit
 *(.rodata)
 .rodata        0x0000a170       0x44 MW_PWM.o
 .rodata        0x0000a1b4       0x50 board.o
 *(.rodata*)
 .rodata.__func__.7630
                0x0000a204       0x14 MW_PWM.o
 .rodata.VVI_prev_M
                0x0000a218        0x4 VVI_prev.o
                0x0000a218                VVI_prev_M
 .rodata.g_defaultClockConfigRun
                0x0000a21c       0x16 board.o
                0x0000a21c                g_defaultClockConfigRun
 *fill*         0x0000a232        0x2 
 .rodata.__func__.7550
                0x0000a234       0x14 board.o
 .rodata.os_maxtaskrun
                0x0000a248        0x2 RTX_Conf_CM.o
                0x0000a248                os_maxtaskrun
 *fill*         0x0000a24a        0x2 
 .rodata.os_stackinfo
                0x0000a24c        0x4 RTX_Conf_CM.o
                0x0000a24c                os_stackinfo
 .rodata.os_trv
                0x0000a250        0x4 RTX_Conf_CM.o
                0x0000a250                os_trv
 .rodata.os_flags
                0x0000a254        0x1 RTX_Conf_CM.o
                0x0000a254                os_flags
 *fill*         0x0000a255        0x3 
 .rodata.os_clockrate
                0x0000a258        0x4 RTX_Conf_CM.o
                0x0000a258                os_clockrate
 .rodata.mp_tcb_size
                0x0000a25c        0x2 RTX_Conf_CM.o
                0x0000a25c                mp_tcb_size
 *fill*         0x0000a25e        0x2 
 .rodata.mp_stk_size
                0x0000a260        0x4 RTX_Conf_CM.o
                0x0000a260                mp_stk_size
 .rodata.os_stack_sz
                0x0000a264        0x4 RTX_Conf_CM.o
                0x0000a264                os_stack_sz
 .rodata.os_fifo_size
                0x0000a268        0x1 RTX_Conf_CM.o
                0x0000a268                os_fifo_size
 *fill*         0x0000a269        0x3 
 .rodata.os_thread_def_osTimerThread
                0x0000a26c       0x10 RTX_Conf_CM.o
                0x0000a26c                os_thread_def_osTimerThread
 .rodata.os_messageQ_def_osTimerMessageQ
                0x0000a27c        0x8 RTX_Conf_CM.o
                0x0000a27c                os_messageQ_def_osTimerMessageQ
 .rodata.mp_tmr_size
                0x0000a284        0x2 RTX_Conf_CM.o
                0x0000a284                mp_tmr_size
 *fill*         0x0000a286        0x2 
 .rodata.os_thread_def_main
                0x0000a288       0x10 RTX_Conf_CM.o
                0x0000a288                os_thread_def_main
 .rodata.OSA_SemaCreate.str1.1
                0x0000a298       0x45 C:/ProgramData/MATLAB/SupportPackages/R2022a/toolbox/target/supportpackages/freedomk64f/src/ksdk_armgcc_lib/bm/libksdk_platform.a(fsl_os_abstraction_bm.o)
 .rodata.__func__.9377
                0x0000a2dd        0xd C:/ProgramData/MATLAB/SupportPackages/R2022a/toolbox/target/supportpackages/freedomk64f/src/ksdk_armgcc_lib/bm/libksdk_platform.a(fsl_os_abstraction_bm.o)
 .rodata.CLOCK_SYS_Init.str1.1
                0x0000a2ea       0x72 C:/ProgramData/MATLAB/SupportPackages/R2022a/toolbox/target/supportpackages/freedomk64f/src/ksdk_armgcc_lib/bm/libksdk_platform.a(fsl_clock_manager.o)
 .rodata.CLOCK_SYS_OscDeinit.str1.1
                0x0000a35c       0x1e C:/ProgramData/MATLAB/SupportPackages/R2022a/toolbox/target/supportpackages/freedomk64f/src/ksdk_armgcc_lib/bm/libksdk_platform.a(fsl_clock_manager.o)
 .rodata.CLOCK_SYS_RtcOscInit.str1.1
                0x0000a37a       0x1e C:/ProgramData/MATLAB/SupportPackages/R2022a/toolbox/target/supportpackages/freedomk64f/src/ksdk_armgcc_lib/bm/libksdk_platform.a(fsl_clock_manager.o)
 .rodata.__func__.9466
                0x0000a398       0x12 C:/ProgramData/MATLAB/SupportPackages/R2022a/toolbox/target/supportpackages/freedomk64f/src/ksdk_armgcc_lib/bm/libksdk_platform.a(fsl_clock_manager.o)
 .rodata.__func__.9483
                0x0000a3aa       0x15 C:/ProgramData/MATLAB/SupportPackages/R2022a/toolbox/target/supportpackages/freedomk64f/src/ksdk_armgcc_lib/bm/libksdk_platform.a(fsl_clock_manager.o)
 *fill*         0x0000a3bf        0x1 
 .rodata.g_oscBase
                0x0000a3c0        0x4 C:/ProgramData/MATLAB/SupportPackages/R2022a/toolbox/target/supportpackages/freedomk64f/src/ksdk_armgcc_lib/bm/libksdk_platform.a(fsl_clock_manager_common.o)
                0x0000a3c0                g_oscBase
 .rodata.CLOCK_SYS_SetConfiguration.str1.1
                0x0000a3c4       0x5c C:/ProgramData/MATLAB/SupportPackages/R2022a/toolbox/target/supportpackages/freedomk64f/src/ksdk_armgcc_lib/bm/libksdk_platform.a(fsl_clock_MK64F12.o)
 .rodata.CLOCK_SYS_EnablePortClock.str1.1
                0x0000a420       0x3a C:/ProgramData/MATLAB/SupportPackages/R2022a/toolbox/target/supportpackages/freedomk64f/src/ksdk_armgcc_lib/bm/libksdk_platform.a(fsl_clock_MK64F12.o)
 .rodata.CLOCK_SYS_EnableFtmClock.str1.1
                0x0000a45a       0x38 C:/ProgramData/MATLAB/SupportPackages/R2022a/toolbox/target/supportpackages/freedomk64f/src/ksdk_armgcc_lib/bm/libksdk_platform.a(fsl_clock_MK64F12.o)
 .rodata.__func__.9073
                0x0000a492       0x1b C:/ProgramData/MATLAB/SupportPackages/R2022a/toolbox/target/supportpackages/freedomk64f/src/ksdk_armgcc_lib/bm/libksdk_platform.a(fsl_clock_MK64F12.o)
 .rodata.__func__.9228
                0x0000a4ad       0x1a C:/ProgramData/MATLAB/SupportPackages/R2022a/toolbox/target/supportpackages/freedomk64f/src/ksdk_armgcc_lib/bm/libksdk_platform.a(fsl_clock_MK64F12.o)
 .rodata.__func__.9267
                0x0000a4c7       0x19 C:/ProgramData/MATLAB/SupportPackages/R2022a/toolbox/target/supportpackages/freedomk64f/src/ksdk_armgcc_lib/bm/libksdk_platform.a(fsl_clock_MK64F12.o)
 .rodata.ftmGateTable
                0x0000a4e0        0x4 C:/ProgramData/MATLAB/SupportPackages/R2022a/toolbox/target/supportpackages/freedomk64f/src/ksdk_armgcc_lib/bm/libksdk_platform.a(fsl_clock_MK64F12.o)
 .rodata.portGateTable
                0x0000a4e4        0x5 C:/ProgramData/MATLAB/SupportPackages/R2022a/toolbox/target/supportpackages/freedomk64f/src/ksdk_armgcc_lib/bm/libksdk_platform.a(fsl_clock_MK64F12.o)
 *fill*         0x0000a4e9        0x3 
 .rodata.g_edmaBase
                0x0000a4ec        0x4 C:/ProgramData/MATLAB/SupportPackages/R2022a/toolbox/target/supportpackages/freedomk64f/src/ksdk_armgcc_lib/bm/libksdk_platform.a(fsl_edma_common.o)
                0x0000a4ec                g_edmaBase
 .rodata.FTM_HAL_SetChnEdgeLevel.str1.1
                0x0000a4f0       0x5e C:/ProgramData/MATLAB/SupportPackages/R2022a/toolbox/target/supportpackages/freedomk64f/src/ksdk_armgcc_lib/bm/libksdk_platform.a(fsl_ftm_driver.o)
 .rodata.FTM_DRV_Init.str1.1
                0x0000a54e       0xf8 C:/ProgramData/MATLAB/SupportPackages/R2022a/toolbox/target/supportpackages/freedomk64f/src/ksdk_armgcc_lib/bm/libksdk_platform.a(fsl_ftm_driver.o)
 .rodata.FTM_DRV_SetClock.str1.1
                0x0000a646       0x20 C:/ProgramData/MATLAB/SupportPackages/R2022a/toolbox/target/supportpackages/freedomk64f/src/ksdk_armgcc_lib/bm/libksdk_platform.a(fsl_ftm_driver.o)
 .rodata.FTM_DRV_PwmStop.str1.1
                0x0000a666       0x97 C:/ProgramData/MATLAB/SupportPackages/R2022a/toolbox/target/supportpackages/freedomk64f/src/ksdk_armgcc_lib/bm/libksdk_platform.a(fsl_ftm_driver.o)
 .rodata.FTM_DRV_PwmStart.str1.1